Component: ARM Compiler 5.06 update 3 (build 300) Tool: armlink [4d35c9]

==============================================================================

Section Cross References

    nrf_delay.o(.text) refers to nrf_delay.o(.emb_text) for __asm___11_nrf_delay_c_532987f3__nrf_delay_us
    arm_startup_nrf51.o(STACK) refers (Special) to heapauxi.o(.text) for __use_two_region_memory
    arm_startup_nrf51.o(HEAP) refers (Special) to heapauxi.o(.text) for __use_two_region_memory
    arm_startup_nrf51.o(RESET) refers (Special) to heapauxi.o(.text) for __use_two_region_memory
    arm_startup_nrf51.o(RESET) refers to arm_startup_nrf51.o(STACK) for __initial_sp
    arm_startup_nrf51.o(RESET) refers to arm_startup_nrf51.o(.text) for Reset_Handler
    arm_startup_nrf51.o(RESET) refers to master.o(.text) for HardFault_Handler
    arm_startup_nrf51.o(.text) refers (Special) to heapauxi.o(.text) for __use_two_region_memory
    arm_startup_nrf51.o(.text) refers to system_nrf51422.o(.text) for SystemInit
    arm_startup_nrf51.o(.text) refers to __main.o(!!!main) for __main
    arm_startup_nrf51.o(.text) refers to arm_startup_nrf51.o(HEAP) for Heap_Mem
    arm_startup_nrf51.o(.text) refers to arm_startup_nrf51.o(STACK) for Stack_Mem
    system_nrf51422.o(.text) refers to system_nrf51422.o(.data) for SystemCoreClock
    segger_rtt.o(.text) refers to strcpy.o(.text) for strcpy
    segger_rtt.o(.text) refers to rt_memcpy.o(.text) for __aeabi_memcpy
    segger_rtt.o(.text) refers to strlen.o(.text) for strlen
    segger_rtt.o(.text) refers to segger_rtt.o(.bss) for _SEGGER_RTT
    segger_rtt.o(.text) refers to segger_rtt.o(.data) for _aTerminalId
    functions.o(.text) refers to _printf_pad.o(.text) for _printf_pre_padding
    functions.o(.text) refers to _printf_percent.o(.ARM.Collect$$_printf_percent$$00000000) for _printf_percent
    functions.o(.text) refers to _printf_x.o(.ARM.Collect$$_printf_percent$$0000000C) for _printf_x
    functions.o(.text) refers to _printf_hex_int.o(.text) for _printf_longlong_hex
    functions.o(.text) refers to _printf_d.o(.ARM.Collect$$_printf_percent$$00000009) for _printf_d
    functions.o(.text) refers to _printf_dec.o(.text) for _printf_int_dec
    functions.o(.text) refers to nrf_delay.o(.text) for nrf_delay_ms
    functions.o(.text) refers to __2sprintf.o(.text) for __2sprintf
    functions.o(.text) refers to segger_rtt.o(.text) for SEGGER_RTT_WriteString
    functions.o(.text) refers to functions.o(.data) for previous
    segmenter.o(.text) refers to rt_memcpy.o(.text) for __aeabi_memcpy
    segmenter.o(.text) refers to segmenter.o(.bss) for recieve
    segmenter.o(.text) refers to segmenter.o(.data) for send_counter
    master.o(.text) refers to functions.o(.text) for ReadButtons
    master.o(.text) refers to segmenter.o(.text) for AddMessage
    master.o(.text) refers to segger_rtt.o(.text) for SEGGER_RTT_WriteString
    master.o(.text) refers to master.o(.data) for m_broadcast_data
    master.o(.text) refers to master.o(.bss) for event_message_buffer
    __2sprintf.o(.text) refers to _printf_char_common.o(.text) for _printf_char_common
    __2sprintf.o(.text) refers to _sputc.o(.text) for _sputc
    noretval__2sprintf.o(.text) refers to _printf_char_common.o(.text) for _printf_char_common
    noretval__2sprintf.o(.text) refers to _sputc.o(.text) for _sputc
    __printf.o(.text) refers to _printf_percent.o(.ARM.Collect$$_printf_percent$$00000000) for _printf_percent
    _printf_dec.o(.text) refers to rtudiv10.o(.text) for __rt_udiv10
    _printf_dec.o(.text) refers to _printf_intcommon.o(.text) for _printf_int_common
    _printf_hex_ll.o(.text) refers to _printf_intcommon.o(.text) for _printf_int_common
    _printf_hex_ll.o(.text) refers to _printf_hex_ll.o(.constdata) for .constdata
    _printf_hex_int.o(.text) refers to _printf_intcommon.o(.text) for _printf_int_common
    _printf_hex_int.o(.text) refers to _printf_hex_int.o(.constdata) for .constdata
    _printf_hex_int_ll.o(.text) refers to _printf_intcommon.o(.text) for _printf_int_common
    _printf_hex_int_ll.o(.text) refers to _printf_hex_int_ll.o(.constdata) for .constdata
    _printf_hex_ptr.o(.text) refers to _printf_intcommon.o(.text) for _printf_int_common
    _printf_hex_ptr.o(.text) refers to _printf_hex_ptr.o(.constdata) for .constdata
    _printf_hex_int_ptr.o(.text) refers to _printf_intcommon.o(.text) for _printf_int_common
    _printf_hex_int_ptr.o(.text) refers to _printf_hex_int_ptr.o(.constdata) for .constdata
    _printf_hex_ll_ptr.o(.text) refers to _printf_intcommon.o(.text) for _printf_int_common
    _printf_hex_ll_ptr.o(.text) refers to _printf_hex_ll_ptr.o(.constdata) for .constdata
    _printf_hex_int_ll_ptr.o(.text) refers to _printf_intcommon.o(.text) for _printf_int_common
    _printf_hex_int_ll_ptr.o(.text) refers to _printf_hex_int_ll_ptr.o(.constdata) for .constdata
    __printf_flags.o(.text) refers to _printf_percent.o(.ARM.Collect$$_printf_percent$$00000000) for _printf_percent
    __printf_flags.o(.text) refers to __printf_flags.o(.constdata) for .constdata
    __printf_ss.o(.text) refers to _printf_percent.o(.ARM.Collect$$_printf_percent$$00000000) for _printf_percent
    __printf_flags_ss.o(.text) refers to _printf_percent.o(.ARM.Collect$$_printf_percent$$00000000) for _printf_percent
    __printf_flags_ss.o(.text) refers to __printf_flags_ss.o(.constdata) for .constdata
    __printf_wp.o(.text) refers to __printf_wp.o(i._is_digit) for _is_digit
    __printf_wp.o(.text) refers to _printf_percent.o(.ARM.Collect$$_printf_percent$$00000000) for _printf_percent
    __printf_flags_wp.o(.text) refers to __printf_wp.o(i._is_digit) for _is_digit
    __printf_flags_wp.o(.text) refers to _printf_percent.o(.ARM.Collect$$_printf_percent$$00000000) for _printf_percent
    __printf_flags_wp.o(.text) refers to __printf_flags_wp.o(.constdata) for .constdata
    __printf_ss_wp.o(.text) refers to __printf_wp.o(i._is_digit) for _is_digit
    __printf_ss_wp.o(.text) refers to _printf_percent.o(.ARM.Collect$$_printf_percent$$00000000) for _printf_percent
    __printf_flags_ss_wp.o(.text) refers to __printf_wp.o(i._is_digit) for _is_digit
    __printf_flags_ss_wp.o(.text) refers to _printf_percent.o(.ARM.Collect$$_printf_percent$$00000000) for _printf_percent
    __printf_flags_ss_wp.o(.text) refers to __printf_flags_ss_wp.o(.constdata) for .constdata
    _printf_x.o(.ARM.Collect$$_printf_percent$$0000000C) refers (Weak) to _printf_hex_int.o(.text) for _printf_int_hex
    _printf_d.o(.ARM.Collect$$_printf_percent$$00000009) refers (Weak) to _printf_dec.o(.text) for _printf_int_dec
    _printf_percent.o(.ARM.Collect$$_printf_percent$$00000000) refers (Special) to _printf_percent_end.o(.ARM.Collect$$_printf_percent$$00000017) for _printf_percent_end
    rt_memcpy.o(.text) refers to rt_memcpy.o(.emb_text) for __aeabi_memcpy4
    __main.o(!!!main) refers to __rtentry.o(.ARM.Collect$$rtentry$$00000000) for __rt_entry
    __rtentry.o(.ARM.Collect$$rtentry$$00000000) refers (Special) to __rtentry2.o(.ARM.Collect$$rtentry$$0000000A) for __rt_entry_li
    __rtentry.o(.ARM.Collect$$rtentry$$00000000) refers (Special) to __rtentry2.o(.ARM.Collect$$rtentry$$0000000D) for __rt_entry_main
    __rtentry.o(.ARM.Collect$$rtentry$$00000000) refers (Special) to __rtentry2.o(.ARM.Collect$$rtentry$$0000000C) for __rt_entry_postli_1
    __rtentry.o(.ARM.Collect$$rtentry$$00000000) refers (Special) to __rtentry2.o(.ARM.Collect$$rtentry$$00000009) for __rt_entry_postsh_1
    __rtentry.o(.ARM.Collect$$rtentry$$00000000) refers (Special) to __rtentry2.o(.ARM.Collect$$rtentry$$00000002) for __rt_entry_presh_1
    __rtentry.o(.ARM.Collect$$rtentry$$00000000) refers (Special) to __rtentry4.o(.ARM.Collect$$rtentry$$00000004) for __rt_entry_sh
    _printf_intcommon.o(.text) refers (Weak) to _printf_pad.o(.text) for _printf_pre_padding
    _printf_intcommon.o(.text) refers (Weak) to _printf_pad.o(.text) for _printf_pre_padding
    _printf_intcommon.o(.text) refers (Weak) to _printf_pad.o(.text) for _printf_post_padding
    _printf_char_common.o(.text) refers to __printf_flags_wp.o(.text) for __printf
    __rtentry2.o(.ARM.Collect$$rtentry$$00000008) refers to boardinit2.o(.text) for _platform_post_stackheap_init
    __rtentry2.o(.ARM.Collect$$rtentry$$0000000A) refers to libinit.o(.ARM.Collect$$libinit$$00000000) for __rt_lib_init
    __rtentry2.o(.ARM.Collect$$rtentry$$0000000B) refers to boardinit3.o(.text) for _platform_post_lib_init
    __rtentry2.o(.ARM.Collect$$rtentry$$0000000D) refers to master.o(.text) for main
    __rtentry2.o(.ARM.Collect$$rtentry$$0000000D) refers to exit.o(.text) for exit
    __rtentry2.o(.ARM.exidx) refers to __rtentry2.o(.ARM.Collect$$rtentry$$00000001) for .ARM.Collect$$rtentry$$00000001
    __rtentry2.o(.ARM.exidx) refers to __rtentry2.o(.ARM.Collect$$rtentry$$00000008) for .ARM.Collect$$rtentry$$00000008
    __rtentry2.o(.ARM.exidx) refers to __rtentry2.o(.ARM.Collect$$rtentry$$0000000A) for .ARM.Collect$$rtentry$$0000000A
    __rtentry2.o(.ARM.exidx) refers to __rtentry2.o(.ARM.Collect$$rtentry$$0000000B) for .ARM.Collect$$rtentry$$0000000B
    __rtentry2.o(.ARM.exidx) refers to __rtentry2.o(.ARM.Collect$$rtentry$$0000000D) for .ARM.Collect$$rtentry$$0000000D
    __rtentry4.o(.ARM.Collect$$rtentry$$00000004) refers to sys_stackheap_outer.o(.text) for __user_setup_stackheap
    __rtentry4.o(.ARM.exidx) refers to __rtentry4.o(.ARM.Collect$$rtentry$$00000004) for .ARM.Collect$$rtentry$$00000004
    sys_stackheap_outer.o(.text) refers to libspace.o(.text) for __user_perproc_libspace
    sys_stackheap_outer.o(.text) refers to arm_startup_nrf51.o(.text) for __user_initial_stackheap
    sys_stackheap_outer.o(__vectab_stack_and_reset_area) refers to tempstk.o(.text) for __temporary_stack_top
    sys_stackheap_outer.o(__vectab_stack_and_reset_area) refers to __main.o(!!!main) for __main
    exit.o(.text) refers to rtexit.o(.ARM.Collect$$rtexit$$00000000) for __rt_exit
    libinit.o(.ARM.Collect$$libinit$$00000000) refers (Special) to libinit2.o(.ARM.Collect$$libinit$$0000002E) for __rt_lib_init_alloca_1
    libinit.o(.ARM.Collect$$libinit$$00000000) refers (Special) to libinit2.o(.ARM.Collect$$libinit$$0000002C) for __rt_lib_init_argv_1
    libinit.o(.ARM.Collect$$libinit$$00000000) refers (Special) to libinit2.o(.ARM.Collect$$libinit$$0000001B) for __rt_lib_init_atexit_1
    libinit.o(.ARM.Collect$$libinit$$00000000) refers (Special) to libinit2.o(.ARM.Collect$$libinit$$00000021) for __rt_lib_init_clock_1
    libinit.o(.ARM.Collect$$libinit$$00000000) refers (Special) to libinit2.o(.ARM.Collect$$libinit$$00000032) for __rt_lib_init_cpp_1
    libinit.o(.ARM.Collect$$libinit$$00000000) refers (Special) to libinit2.o(.ARM.Collect$$libinit$$00000030) for __rt_lib_init_exceptions_1
    libinit.o(.ARM.Collect$$libinit$$00000000) refers (Special) to libinit2.o(.ARM.Collect$$libinit$$00000002) for __rt_lib_init_fp_1
    libinit.o(.ARM.Collect$$libinit$$00000000) refers (Special) to libinit2.o(.ARM.Collect$$libinit$$0000001F) for __rt_lib_init_fp_trap_1
    libinit.o(.ARM.Collect$$libinit$$00000000) refers (Special) to libinit2.o(.ARM.Collect$$libinit$$00000023) for __rt_lib_init_getenv_1
    libinit.o(.ARM.Collect$$libinit$$00000000) refers (Special) to libinit2.o(.ARM.Collect$$libinit$$0000000A) for __rt_lib_init_heap_1
    libinit.o(.ARM.Collect$$libinit$$00000000) refers (Special) to libinit2.o(.ARM.Collect$$libinit$$00000011) for __rt_lib_init_lc_collate_1
    libinit.o(.ARM.Collect$$libinit$$00000000) refers (Special) to libinit2.o(.ARM.Collect$$libinit$$00000013) for __rt_lib_init_lc_ctype_1
    libinit.o(.ARM.Collect$$libinit$$00000000) refers (Special) to libinit2.o(.ARM.Collect$$libinit$$00000015) for __rt_lib_init_lc_monetary_1
    libinit.o(.ARM.Collect$$libinit$$00000000) refers (Special) to libinit2.o(.ARM.Collect$$libinit$$00000017) for __rt_lib_init_lc_numeric_1
    libinit.o(.ARM.Collect$$libinit$$00000000) refers (Special) to libinit2.o(.ARM.Collect$$libinit$$00000019) for __rt_lib_init_lc_time_1
    libinit.o(.ARM.Collect$$libinit$$00000000) refers (Special) to libinit2.o(.ARM.Collect$$libinit$$00000004) for __rt_lib_init_preinit_1
    libinit.o(.ARM.Collect$$libinit$$00000000) refers (Special) to libinit2.o(.ARM.Collect$$libinit$$0000000E) for __rt_lib_init_rand_1
    libinit.o(.ARM.Collect$$libinit$$00000000) refers (Special) to libinit2.o(.ARM.Collect$$libinit$$00000033) for __rt_lib_init_return
    libinit.o(.ARM.Collect$$libinit$$00000000) refers (Special) to libinit2.o(.ARM.Collect$$libinit$$0000001D) for __rt_lib_init_signal_1
    libinit.o(.ARM.Collect$$libinit$$00000000) refers (Special) to libinit2.o(.ARM.Collect$$libinit$$00000025) for __rt_lib_init_stdio_1
    libinit.o(.ARM.Collect$$libinit$$00000000) refers (Special) to libinit2.o(.ARM.Collect$$libinit$$0000000C) for __rt_lib_init_user_alloc_1
    libspace.o(.text) refers to libspace.o(.bss) for __libspace_start
    rtexit.o(.ARM.Collect$$rtexit$$00000000) refers (Special) to rtexit2.o(.ARM.Collect$$rtexit$$00000004) for __rt_exit_exit
    rtexit.o(.ARM.Collect$$rtexit$$00000000) refers (Special) to rtexit2.o(.ARM.Collect$$rtexit$$00000003) for __rt_exit_ls
    rtexit.o(.ARM.Collect$$rtexit$$00000000) refers (Special) to rtexit2.o(.ARM.Collect$$rtexit$$00000002) for __rt_exit_prels_1
    rtexit.o(.ARM.exidx) refers (Special) to rtexit2.o(.ARM.Collect$$rtexit$$00000004) for __rt_exit_exit
    rtexit.o(.ARM.exidx) refers (Special) to rtexit2.o(.ARM.Collect$$rtexit$$00000003) for __rt_exit_ls
    rtexit.o(.ARM.exidx) refers (Special) to rtexit2.o(.ARM.Collect$$rtexit$$00000002) for __rt_exit_prels_1
    rtexit.o(.ARM.exidx) refers to rtexit.o(.ARM.Collect$$rtexit$$00000000) for .ARM.Collect$$rtexit$$00000000
    libinit2.o(.ARM.Collect$$libinit$$00000010) refers to libinit2.o(.ARM.Collect$$libinit$$0000000F) for .ARM.Collect$$libinit$$0000000F
    libinit2.o(.ARM.Collect$$libinit$$00000012) refers to libinit2.o(.ARM.Collect$$libinit$$0000000F) for .ARM.Collect$$libinit$$0000000F
    libinit2.o(.ARM.Collect$$libinit$$00000014) refers to libinit2.o(.ARM.Collect$$libinit$$0000000F) for .ARM.Collect$$libinit$$0000000F
    libinit2.o(.ARM.Collect$$libinit$$00000016) refers to libinit2.o(.ARM.Collect$$libinit$$0000000F) for .ARM.Collect$$libinit$$0000000F
    libinit2.o(.ARM.Collect$$libinit$$00000018) refers to libinit2.o(.ARM.Collect$$libinit$$0000000F) for .ARM.Collect$$libinit$$0000000F
    libinit2.o(.ARM.Collect$$libinit$$00000026) refers to argv_veneer.o(.text) for __ARM_argv_veneer
    libinit2.o(.ARM.Collect$$libinit$$00000027) refers to argv_veneer.o(.text) for __ARM_argv_veneer
    rtexit2.o(.ARM.Collect$$rtexit$$00000003) refers to libshutdown.o(.ARM.Collect$$libshutdown$$00000000) for __rt_lib_shutdown
    rtexit2.o(.ARM.Collect$$rtexit$$00000004) refers to sys_exit.o(.text) for _sys_exit
    rtexit2.o(.ARM.exidx) refers to rtexit2.o(.ARM.Collect$$rtexit$$00000001) for .ARM.Collect$$rtexit$$00000001
    rtexit2.o(.ARM.exidx) refers to rtexit2.o(.ARM.Collect$$rtexit$$00000003) for .ARM.Collect$$rtexit$$00000003
    rtexit2.o(.ARM.exidx) refers to rtexit2.o(.ARM.Collect$$rtexit$$00000004) for .ARM.Collect$$rtexit$$00000004
    sys_exit.o(.text) refers (Special) to use_no_semi.o(.text) for __I$use$semihosting
    sys_exit.o(.text) refers (Special) to indicate_semi.o(.text) for __semihosting_library_function
    _get_argv_nomalloc.o(.text) refers (Special) to hrguard.o(.text) for __heap_region$guard
    _get_argv_nomalloc.o(.text) refers to defsig_rtmem_outer.o(.text) for __rt_SIGRTMEM
    _get_argv_nomalloc.o(.text) refers to sys_command.o(.text) for _sys_command_string
    libshutdown.o(.ARM.Collect$$libshutdown$$00000000) refers (Special) to libshutdown2.o(.ARM.Collect$$libshutdown$$00000002) for __rt_lib_shutdown_cpp_1
    libshutdown.o(.ARM.Collect$$libshutdown$$00000000) refers (Special) to libshutdown2.o(.ARM.Collect$$libshutdown$$00000007) for __rt_lib_shutdown_fp_trap_1
    libshutdown.o(.ARM.Collect$$libshutdown$$00000000) refers (Special) to libshutdown2.o(.ARM.Collect$$libshutdown$$0000000F) for __rt_lib_shutdown_heap_1
    libshutdown.o(.ARM.Collect$$libshutdown$$00000000) refers (Special) to libshutdown2.o(.ARM.Collect$$libshutdown$$00000010) for __rt_lib_shutdown_return
    libshutdown.o(.ARM.Collect$$libshutdown$$00000000) refers (Special) to libshutdown2.o(.ARM.Collect$$libshutdown$$0000000A) for __rt_lib_shutdown_signal_1
    libshutdown.o(.ARM.Collect$$libshutdown$$00000000) refers (Special) to libshutdown2.o(.ARM.Collect$$libshutdown$$00000004) for __rt_lib_shutdown_stdio_1
    libshutdown.o(.ARM.Collect$$libshutdown$$00000000) refers (Special) to libshutdown2.o(.ARM.Collect$$libshutdown$$0000000C) for __rt_lib_shutdown_user_alloc_1
    sys_command.o(.text) refers (Special) to use_no_semi.o(.text) for __I$use$semihosting
    sys_command.o(.text) refers (Special) to indicate_semi.o(.text) for __semihosting_library_function
    defsig_rtmem_outer.o(.text) refers to defsig_rtmem_inner.o(.text) for __rt_SIGRTMEM_inner
    defsig_rtmem_outer.o(.text) refers to defsig_exit.o(.text) for __sig_exit
    defsig_rtmem_formal.o(.text) refers to rt_raise.o(.text) for __rt_raise
    rt_raise.o(.text) refers to __raise.o(.text) for __raise
    rt_raise.o(.text) refers to sys_exit.o(.text) for _sys_exit
    defsig_exit.o(.text) refers to sys_exit.o(.text) for _sys_exit
    defsig_rtmem_inner.o(.text) refers to defsig_general.o(.text) for __default_signal_display
    __raise.o(.text) refers to defsig.o(CL$$defsig) for __default_signal_handler
    defsig_general.o(.text) refers to sys_wrch.o(.text) for _ttywrch
    sys_wrch.o(.text) refers (Special) to use_no_semi.o(.text) for __I$use$semihosting
    sys_wrch.o(.text) refers (Special) to indicate_semi.o(.text) for __semihosting_library_function
    defsig.o(CL$$defsig) refers to defsig_rtmem_inner.o(.text) for __rt_SIGRTMEM_inner
    defsig_abrt_inner.o(.text) refers to defsig_general.o(.text) for __default_signal_display
    defsig_fpe_inner.o(.text) refers to defsig_general.o(.text) for __default_signal_display
    defsig_rtred_inner.o(.text) refers to defsig_general.o(.text) for __default_signal_display
    defsig_stak_inner.o(.text) refers to defsig_general.o(.text) for __default_signal_display
    defsig_pvfn_inner.o(.text) refers to defsig_general.o(.text) for __default_signal_display
    defsig_cppl_inner.o(.text) refers to defsig_general.o(.text) for __default_signal_display
    defsig_segv_inner.o(.text) refers to defsig_general.o(.text) for __default_signal_display
    defsig_other.o(.text) refers to defsig_general.o(.text) for __default_signal_display


==============================================================================

Removing Unused input sections from the image.

    Removing nrf_delay.o(.rev16_text), (4 bytes).
    Removing nrf_delay.o(.revsh_text), (4 bytes).
    Removing system_nrf51422.o(.rev16_text), (4 bytes).
    Removing system_nrf51422.o(.revsh_text), (4 bytes).
    Removing functions.o(.rev16_text), (4 bytes).
    Removing functions.o(.revsh_text), (4 bytes).
    Removing functions.o(.emb_text), (30 bytes).
    Removing mbr.o(MBR), (8 bytes).
    Removing master.o(.rev16_text), (4 bytes).
    Removing master.o(.revsh_text), (4 bytes).
    Removing master.o(.emb_text), (30 bytes).

11 unused section(s) (total 100 bytes) removed from the image.

==============================================================================

Image Symbol Table

    Local Symbols

    Symbol Name                              Value     Ov Type        Size  Object(Section)

    ../clib/angel/boardlib.s                 0x00000000   Number         0  boardinit1.o ABSOLUTE
    ../clib/angel/boardlib.s                 0x00000000   Number         0  boardinit3.o ABSOLUTE
    ../clib/angel/boardlib.s                 0x00000000   Number         0  boardinit2.o ABSOLUTE
    ../clib/angel/boardlib.s                 0x00000000   Number         0  boardshut.o ABSOLUTE
    ../clib/angel/handlers.s                 0x00000000   Number         0  __scatter_copy.o ABSOLUTE
    ../clib/angel/handlers.s                 0x00000000   Number         0  __scatter_zi.o ABSOLUTE
    ../clib/angel/kernel.s                   0x00000000   Number         0  rtexit2.o ABSOLUTE
    ../clib/angel/kernel.s                   0x00000000   Number         0  __rtentry2.o ABSOLUTE
    ../clib/angel/kernel.s                   0x00000000   Number         0  __rtentry.o ABSOLUTE
    ../clib/angel/kernel.s                   0x00000000   Number         0  rtexit.o ABSOLUTE
    ../clib/angel/kernel.s                   0x00000000   Number         0  __rtentry4.o ABSOLUTE
    ../clib/angel/rt.s                       0x00000000   Number         0  rt_raise.o ABSOLUTE
    ../clib/angel/scatterp.s                 0x00000000   Number         0  __scatter.o ABSOLUTE
    ../clib/angel/startup.s                  0x00000000   Number         0  __main.o ABSOLUTE
    ../clib/angel/sys.s                      0x00000000   Number         0  use_no_semi.o ABSOLUTE
    ../clib/angel/sys.s                      0x00000000   Number         0  tempstk.o ABSOLUTE
    ../clib/angel/sys.s                      0x00000000   Number         0  sys_stackheap_outer.o ABSOLUTE
    ../clib/angel/sys.s                      0x00000000   Number         0  indicate_semi.o ABSOLUTE
    ../clib/angel/sys.s                      0x00000000   Number         0  libspace.o ABSOLUTE
    ../clib/angel/sysapp.c                   0x00000000   Number         0  sys_exit.o ABSOLUTE
    ../clib/angel/sysapp.c                   0x00000000   Number         0  sys_wrch.o ABSOLUTE
    ../clib/angel/sysapp.c                   0x00000000   Number         0  sys_command.o ABSOLUTE
    ../clib/armsys.c                         0x00000000   Number         0  argv_veneer.o ABSOLUTE
    ../clib/armsys.c                         0x00000000   Number         0  no_argv.o ABSOLUTE
    ../clib/armsys.c                         0x00000000   Number         0  _get_argv_nomalloc.o ABSOLUTE
    ../clib/division.c                       0x00000000   Number         0  rtudiv10.o ABSOLUTE
    ../clib/heapalloc.c                      0x00000000   Number         0  hrguard.o ABSOLUTE
    ../clib/heapaux.c                        0x00000000   Number         0  heapauxi.o ABSOLUTE
    ../clib/libinit.s                        0x00000000   Number         0  libinit2.o ABSOLUTE
    ../clib/libinit.s                        0x00000000   Number         0  libinit.o ABSOLUTE
    ../clib/libinit.s                        0x00000000   Number         0  libshutdown.o ABSOLUTE
    ../clib/libinit.s                        0x00000000   Number         0  libshutdown2.o ABSOLUTE
    ../clib/memcpset.c                       0x00000000   Number         0  rt_memcpy.o ABSOLUTE
    ../clib/memcpset.c                       0x00000000   Number         0  rt_memcpy.o ABSOLUTE
    ../clib/misc.s                           0x00000000   Number         0  printf_stubs.o ABSOLUTE
    ../clib/printf.c                         0x00000000   Number         0  __printf_flags_ss_wp.o ABSOLUTE
    ../clib/printf.c                         0x00000000   Number         0  __printf_ss_wp.o ABSOLUTE
    ../clib/printf.c                         0x00000000   Number         0  __printf_nopercent.o ABSOLUTE
    ../clib/printf.c                         0x00000000   Number         0  __printf_flags_wp.o ABSOLUTE
    ../clib/printf.c                         0x00000000   Number         0  __printf_wp.o ABSOLUTE
    ../clib/printf.c                         0x00000000   Number         0  __printf_ss.o ABSOLUTE
    ../clib/printf.c                         0x00000000   Number         0  __printf_flags.o ABSOLUTE
    ../clib/printf.c                         0x00000000   Number         0  _printf_hex_int_ll_ptr.o ABSOLUTE
    ../clib/printf.c                         0x00000000   Number         0  _printf_hex_ll_ptr.o ABSOLUTE
    ../clib/printf.c                         0x00000000   Number         0  _printf_hex_int_ptr.o ABSOLUTE
    ../clib/printf.c                         0x00000000   Number         0  _printf_hex_ptr.o ABSOLUTE
    ../clib/printf.c                         0x00000000   Number         0  _printf_dec.o ABSOLUTE
    ../clib/printf.c                         0x00000000   Number         0  _printf_intcommon.o ABSOLUTE
    ../clib/printf.c                         0x00000000   Number         0  _printf_hex_int.o ABSOLUTE
    ../clib/printf.c                         0x00000000   Number         0  noretval__2sprintf.o ABSOLUTE
    ../clib/printf.c                         0x00000000   Number         0  _printf_hex_int_ll.o ABSOLUTE
    ../clib/printf.c                         0x00000000   Number         0  __2sprintf.o ABSOLUTE
    ../clib/printf.c                         0x00000000   Number         0  _sputc.o ABSOLUTE
    ../clib/printf.c                         0x00000000   Number         0  __printf_flags_ss.o ABSOLUTE
    ../clib/printf.c                         0x00000000   Number         0  _printf_char_common.o ABSOLUTE
    ../clib/printf.c                         0x00000000   Number         0  __printf.o ABSOLUTE
    ../clib/printf.c                         0x00000000   Number         0  _printf_pad.o ABSOLUTE
    ../clib/printf.c                         0x00000000   Number         0  _printf_hex_ll.o ABSOLUTE
    ../clib/printf_percent.s                 0x00000000   Number         0  _printf_d.o ABSOLUTE
    ../clib/printf_percent.s                 0x00000000   Number         0  _printf_x.o ABSOLUTE
    ../clib/printf_percent.s                 0x00000000   Number         0  _printf_percent_end.o ABSOLUTE
    ../clib/printf_percent.s                 0x00000000   Number         0  _printf_percent.o ABSOLUTE
    ../clib/signal.c                         0x00000000   Number         0  __raise.o ABSOLUTE
    ../clib/signal.c                         0x00000000   Number         0  defsig_rtmem_inner.o ABSOLUTE
    ../clib/signal.c                         0x00000000   Number         0  defsig_exit.o ABSOLUTE
    ../clib/signal.c                         0x00000000   Number         0  defsig_rtmem_formal.o ABSOLUTE
    ../clib/signal.c                         0x00000000   Number         0  defsig_abrt_inner.o ABSOLUTE
    ../clib/signal.c                         0x00000000   Number         0  defsig_fpe_inner.o ABSOLUTE
    ../clib/signal.c                         0x00000000   Number         0  defsig_rtred_inner.o ABSOLUTE
    ../clib/signal.c                         0x00000000   Number         0  defsig_stak_inner.o ABSOLUTE
    ../clib/signal.c                         0x00000000   Number         0  defsig_pvfn_inner.o ABSOLUTE
    ../clib/signal.c                         0x00000000   Number         0  defsig_cppl_inner.o ABSOLUTE
    ../clib/signal.c                         0x00000000   Number         0  defsig_segv_inner.o ABSOLUTE
    ../clib/signal.c                         0x00000000   Number         0  defsig_other.o ABSOLUTE
    ../clib/signal.c                         0x00000000   Number         0  defsig_rtmem_outer.o ABSOLUTE
    ../clib/signal.c                         0x00000000   Number         0  defsig_general.o ABSOLUTE
    ../clib/signal.s                         0x00000000   Number         0  defsig.o ABSOLUTE
    ../clib/stdlib.c                         0x00000000   Number         0  exit.o ABSOLUTE
    ../clib/string.c                         0x00000000   Number         0  strlen.o ABSOLUTE
    ../clib/string.c                         0x00000000   Number         0  strcpy.o ABSOLUTE
    ../fplib/cfplib/fpinit.c                 0x00000000   Number         0  fpinit.o ABSOLUTE
    C:\Nordic Semiconductor\external\segger_rtt\SEGGER_RTT.c 0x00000000   Number         0  segger_rtt.o ABSOLUTE
    C:\components\toolchain\arm\arm_startup_nrf51.s 0x00000000   Number         0  arm_startup_nrf51.o ABSOLUTE
    Include\\nrf_delay\\nrf_delay.c          0x00000000   Number         0  nrf_delay.o ABSOLUTE
    Include\\templates\\system_nrf51422.c    0x00000000   Number         0  system_nrf51422.o ABSOLUTE
    Include\nrf_delay\nrf_delay.c            0x00000000   Number         0  nrf_delay.o ABSOLUTE
    Include\templates\system_nrf51422.c      0x00000000   Number         0  system_nrf51422.o ABSOLUTE
    Master.c                                 0x00000000   Number         0  master.o ABSOLUTE
    Master.c                                 0x00000000   Number         0  master.o ABSOLUTE
    Segmenter.c                              0x00000000   Number         0  segmenter.o ABSOLUTE
    dc.s                                     0x00000000   Number         0  dc.o ABSOLUTE
    functions.c                              0x00000000   Number         0  functions.o ABSOLUTE
    functions.c                              0x00000000   Number         0  functions.o ABSOLUTE
    mbr.a                                    0x00000000   Number         0  mbr.o ABSOLUTE
    RESET                                    0x0000a000   Section      192  arm_startup_nrf51.o(RESET)
    !!!main                                  0x0000a0c0   Section        8  __main.o(!!!main)
    !!!scatter                               0x0000a0c8   Section       60  __scatter.o(!!!scatter)
    !!handler_copy                           0x0000a104   Section       26  __scatter_copy.o(!!handler_copy)
    !!handler_zi                             0x0000a120   Section       28  __scatter_zi.o(!!handler_zi)
    .ARM.Collect$$_printf_percent$$00000000  0x0000a13c   Section        2  _printf_percent.o(.ARM.Collect$$_printf_percent$$00000000)
    .ARM.Collect$$_printf_percent$$00000009  0x0000a13e   Section       10  _printf_d.o(.ARM.Collect$$_printf_percent$$00000009)
    .ARM.Collect$$_printf_percent$$0000000C  0x0000a148   Section       10  _printf_x.o(.ARM.Collect$$_printf_percent$$0000000C)
    .ARM.Collect$$_printf_percent$$00000017  0x0000a152   Section        4  _printf_percent_end.o(.ARM.Collect$$_printf_percent$$00000017)
    .ARM.Collect$$libinit$$00000000          0x0000a156   Section        2  libinit.o(.ARM.Collect$$libinit$$00000000)
    .ARM.Collect$$libinit$$00000002          0x0000a158   Section        0  libinit2.o(.ARM.Collect$$libinit$$00000002)
    .ARM.Collect$$libinit$$00000004          0x0000a158   Section        0  libinit2.o(.ARM.Collect$$libinit$$00000004)
    .ARM.Collect$$libinit$$0000000A          0x0000a158   Section        0  libinit2.o(.ARM.Collect$$libinit$$0000000A)
    .ARM.Collect$$libinit$$0000000C          0x0000a158   Section        0  libinit2.o(.ARM.Collect$$libinit$$0000000C)
    .ARM.Collect$$libinit$$0000000E          0x0000a158   Section        0  libinit2.o(.ARM.Collect$$libinit$$0000000E)
    .ARM.Collect$$libinit$$00000011          0x0000a158   Section        0  libinit2.o(.ARM.Collect$$libinit$$00000011)
    .ARM.Collect$$libinit$$00000013          0x0000a158   Section        0  libinit2.o(.ARM.Collect$$libinit$$00000013)
    .ARM.Collect$$libinit$$00000015          0x0000a158   Section        0  libinit2.o(.ARM.Collect$$libinit$$00000015)
    .ARM.Collect$$libinit$$00000017          0x0000a158   Section        0  libinit2.o(.ARM.Collect$$libinit$$00000017)
    .ARM.Collect$$libinit$$00000019          0x0000a158   Section        0  libinit2.o(.ARM.Collect$$libinit$$00000019)
    .ARM.Collect$$libinit$$0000001B          0x0000a158   Section        0  libinit2.o(.ARM.Collect$$libinit$$0000001B)
    .ARM.Collect$$libinit$$0000001D          0x0000a158   Section        0  libinit2.o(.ARM.Collect$$libinit$$0000001D)
    .ARM.Collect$$libinit$$0000001F          0x0000a158   Section        0  libinit2.o(.ARM.Collect$$libinit$$0000001F)
    .ARM.Collect$$libinit$$00000021          0x0000a158   Section        0  libinit2.o(.ARM.Collect$$libinit$$00000021)
    .ARM.Collect$$libinit$$00000023          0x0000a158   Section        0  libinit2.o(.ARM.Collect$$libinit$$00000023)
    .ARM.Collect$$libinit$$00000025          0x0000a158   Section        0  libinit2.o(.ARM.Collect$$libinit$$00000025)
    .ARM.Collect$$libinit$$0000002C          0x0000a158   Section        0  libinit2.o(.ARM.Collect$$libinit$$0000002C)
    .ARM.Collect$$libinit$$0000002E          0x0000a158   Section        0  libinit2.o(.ARM.Collect$$libinit$$0000002E)
    .ARM.Collect$$libinit$$00000030          0x0000a158   Section        0  libinit2.o(.ARM.Collect$$libinit$$00000030)
    .ARM.Collect$$libinit$$00000032          0x0000a158   Section        0  libinit2.o(.ARM.Collect$$libinit$$00000032)
    .ARM.Collect$$libinit$$00000033          0x0000a158   Section        2  libinit2.o(.ARM.Collect$$libinit$$00000033)
    .ARM.Collect$$libshutdown$$00000000      0x0000a15a   Section        2  libshutdown.o(.ARM.Collect$$libshutdown$$00000000)
    .ARM.Collect$$libshutdown$$00000002      0x0000a15c   Section        0  libshutdown2.o(.ARM.Collect$$libshutdown$$00000002)
    .ARM.Collect$$libshutdown$$00000004      0x0000a15c   Section        0  libshutdown2.o(.ARM.Collect$$libshutdown$$00000004)
    .ARM.Collect$$libshutdown$$00000007      0x0000a15c   Section        0  libshutdown2.o(.ARM.Collect$$libshutdown$$00000007)
    .ARM.Collect$$libshutdown$$0000000A      0x0000a15c   Section        0  libshutdown2.o(.ARM.Collect$$libshutdown$$0000000A)
    .ARM.Collect$$libshutdown$$0000000C      0x0000a15c   Section        0  libshutdown2.o(.ARM.Collect$$libshutdown$$0000000C)
    .ARM.Collect$$libshutdown$$0000000F      0x0000a15c   Section        0  libshutdown2.o(.ARM.Collect$$libshutdown$$0000000F)
    .ARM.Collect$$libshutdown$$00000010      0x0000a15c   Section        2  libshutdown2.o(.ARM.Collect$$libshutdown$$00000010)
    .ARM.Collect$$rtentry$$00000000          0x0000a15e   Section        0  __rtentry.o(.ARM.Collect$$rtentry$$00000000)
    .ARM.Collect$$rtentry$$00000002          0x0000a15e   Section        0  __rtentry2.o(.ARM.Collect$$rtentry$$00000002)
    .ARM.Collect$$rtentry$$00000004          0x0000a15e   Section        6  __rtentry4.o(.ARM.Collect$$rtentry$$00000004)
    .ARM.Collect$$rtentry$$00000009          0x0000a164   Section        0  __rtentry2.o(.ARM.Collect$$rtentry$$00000009)
    .ARM.Collect$$rtentry$$0000000A          0x0000a164   Section        4  __rtentry2.o(.ARM.Collect$$rtentry$$0000000A)
    .ARM.Collect$$rtentry$$0000000C          0x0000a168   Section        0  __rtentry2.o(.ARM.Collect$$rtentry$$0000000C)
    .ARM.Collect$$rtentry$$0000000D          0x0000a168   Section        8  __rtentry2.o(.ARM.Collect$$rtentry$$0000000D)
    .ARM.Collect$$rtexit$$00000000           0x0000a170   Section        2  rtexit.o(.ARM.Collect$$rtexit$$00000000)
    .ARM.Collect$$rtexit$$00000002           0x0000a172   Section        0  rtexit2.o(.ARM.Collect$$rtexit$$00000002)
    .ARM.Collect$$rtexit$$00000003           0x0000a172   Section        4  rtexit2.o(.ARM.Collect$$rtexit$$00000003)
    .ARM.Collect$$rtexit$$00000004           0x0000a176   Section        6  rtexit2.o(.ARM.Collect$$rtexit$$00000004)
    .emb_text                                0x0000a17c   Section       30  nrf_delay.o(.emb_text)
    .emb_text                                0x0000a19c   Section       56  rt_memcpy.o(.emb_text)
    .text                                    0x0000a1d4   Section        0  nrf_delay.o(.text)
    .text                                    0x0000a1f0   Section       84  arm_startup_nrf51.o(.text)
    .text                                    0x0000a244   Section        0  system_nrf51422.o(.text)
    is_disabled_in_debug_needed              0x0000a24d   Thumb Code    52  system_nrf51422.o(.text)
    is_manual_peripheral_setup_needed        0x0000a281   Thumb Code   104  system_nrf51422.o(.text)
    .text                                    0x0000a32c   Section        0  segger_rtt.o(.text)
    _DoInit                                  0x0000a32d   Thumb Code    74  segger_rtt.o(.text)
    _WriteBlocking                           0x0000a377   Thumb Code   122  segger_rtt.o(.text)
    _WriteNoCheck                            0x0000a3f1   Thumb Code    74  segger_rtt.o(.text)
    _PostTerminalSwitch                      0x0000a43b   Thumb Code    32  segger_rtt.o(.text)
    _GetAvailWriteSpace                      0x0000a45b   Thumb Code    28  segger_rtt.o(.text)
    .text                                    0x0000aa20   Section        0  functions.o(.text)
    .text                                    0x0000aca0   Section        0  segmenter.o(.text)
    .text                                    0x0000ae34   Section        0  master.o(.text)
    ant_channel_master_broadcast_setup       0x0000ae39   Thumb Code   100  master.o(.text)
    channel_event_handle_transmit            0x0000ae9d   Thumb Code    56  master.o(.text)
    channel_event_handle_recieve             0x0000aed5   Thumb Code    38  master.o(.text)
    .text                                    0x0000b048   Section        0  __2sprintf.o(.text)
    .text                                    0x0000b074   Section        0  _printf_pad.o(.text)
    .text                                    0x0000b0c4   Section        0  _printf_dec.o(.text)
    .text                                    0x0000b130   Section        0  _printf_hex_int.o(.text)
    .text                                    0x0000b188   Section        0  __printf_flags_wp.o(.text)
    .text                                    0x0000b2c0   Section        0  strcpy.o(.text)
    .text                                    0x0000b30c   Section        0  strlen.o(.text)
    .text                                    0x0000b350   Section        0  rt_memcpy.o(.text)
    .text                                    0x0000b3d2   Section        0  heapauxi.o(.text)
    .text                                    0x0000b3d8   Section        0  _printf_intcommon.o(.text)
    .text                                    0x0000b488   Section        0  _printf_char_common.o(.text)
    _printf_input_char                       0x0000b489   Thumb Code    10  _printf_char_common.o(.text)
    .text                                    0x0000b4b8   Section        0  _sputc.o(.text)
    .text                                    0x0000b4c2   Section        0  rtudiv10.o(.text)
    .text                                    0x0000b4ea   Section       62  sys_stackheap_outer.o(.text)
    .text                                    0x0000b528   Section        0  exit.o(.text)
    .text                                    0x0000b538   Section        8  libspace.o(.text)
    .text                                    0x0000b540   Section        0  sys_exit.o(.text)
    .text                                    0x0000b54c   Section        2  use_no_semi.o(.text)
    .text                                    0x0000b54e   Section        0  indicate_semi.o(.text)
    i._is_digit                              0x0000b54e   Section        0  __printf_wp.o(i._is_digit)
    .constdata                               0x0000b55c   Section       40  _printf_hex_int.o(.constdata)
    uc_hextab                                0x0000b55c   Data          20  _printf_hex_int.o(.constdata)
    lc_hextab                                0x0000b570   Data          20  _printf_hex_int.o(.constdata)
    .constdata                               0x0000b584   Section       17  __printf_flags_wp.o(.constdata)
    maptable                                 0x0000b584   Data          17  __printf_flags_wp.o(.constdata)
    .data                                    0x20000900   Section        4  system_nrf51422.o(.data)
    __tagsym$$used                           0x20000900   Number         0  system_nrf51422.o(.data)
    .data                                    0x20000904   Section       17  segger_rtt.o(.data)
    _aTerminalId                             0x20000904   Data          16  segger_rtt.o(.data)
    _ActiveTerminal                          0x20000914   Data           1  segger_rtt.o(.data)
    .data                                    0x20000918   Section        8  functions.o(.data)
    previous                                 0x20000919   Data           1  functions.o(.data)
    previous_value                           0x2000091a   Data           1  functions.o(.data)
    previous                                 0x2000091c   Data           4  functions.o(.data)
    .data                                    0x20000920   Section      157  segmenter.o(.data)
    .data                                    0x200009bd   Section        9  master.o(.data)
    m_broadcast_data                         0x200009bd   Data           8  master.o(.data)
    .bss                                     0x200009c8   Section     1160  segger_rtt.o(.bss)
    _acUpBuffer                              0x200009c8   Data        1024  segger_rtt.o(.bss)
    _acDownBuffer                            0x20000dc8   Data          16  segger_rtt.o(.bss)
    .bss                                     0x20000e50   Section      136  segmenter.o(.bss)
    .bss                                     0x20000ed8   Section       32  master.o(.bss)
    event_message_buffer                     0x20000ed8   Data          32  master.o(.bss)
    .bss                                     0x20000ef8   Section       96  libspace.o(.bss)
    HEAP                                     0x20000f58   Section     2048  arm_startup_nrf51.o(HEAP)
    Heap_Mem                                 0x20000f58   Data        2048  arm_startup_nrf51.o(HEAP)
    STACK                                    0x20001758   Section     2048  arm_startup_nrf51.o(STACK)
    Stack_Mem                                0x20001758   Data        2048  arm_startup_nrf51.o(STACK)
    __initial_sp                             0x20001f58   Data           0  arm_startup_nrf51.o(STACK)

    Global Symbols

    Symbol Name                              Value     Ov Type        Size  Object(Section)

    BuildAttributes$$THM_ISAv3M$S$PE$A:L22$X:L11$S22$IEEE1$IW$USESV6$~STKCKD$USESV7$~SHL$OSPACE$ROPI$EBA8$UX$STANDARDLIB$REQ8$PRES8$EABIv2 0x00000000   Number         0  anon$$obj.o ABSOLUTE
    __ARM_use_no_argv                        0x00000000   Number         0  master.o ABSOLUTE
    _printf_flags                            0x00000000   Number         0  printf_stubs.o ABSOLUTE
    _printf_return_value                     0x00000000   Number         0  printf_stubs.o ABSOLUTE
    _printf_sizespec                         0x00000000   Number         0  printf_stubs.o ABSOLUTE
    _printf_widthprec                        0x00000000   Number         0  printf_stubs.o ABSOLUTE
    __ARM_exceptions_init                     - Undefined Weak Reference
    __alloca_initialize                       - Undefined Weak Reference
    __arm_preinit_                            - Undefined Weak Reference
    __cpp_initialize__aeabi_                  - Undefined Weak Reference
    __cxa_finalize                            - Undefined Weak Reference
    __rt_locale                               - Undefined Weak Reference
    __sigvec_lookup                           - Undefined Weak Reference
    _atexit_init                              - Undefined Weak Reference
    _call_atexit_fns                          - Undefined Weak Reference
    _clock_init                               - Undefined Weak Reference
    _fp_trap_init                             - Undefined Weak Reference
    _fp_trap_shutdown                         - Undefined Weak Reference
    _get_lc_collate                           - Undefined Weak Reference
    _get_lc_ctype                             - Undefined Weak Reference
    _get_lc_monetary                          - Undefined Weak Reference
    _get_lc_numeric                           - Undefined Weak Reference
    _get_lc_time                              - Undefined Weak Reference
    _getenv_init                              - Undefined Weak Reference
    _handle_redirection                       - Undefined Weak Reference
    _init_alloc                               - Undefined Weak Reference
    _init_user_alloc                          - Undefined Weak Reference
    _initio                                   - Undefined Weak Reference
    _printf_truncate_signed                   - Undefined Weak Reference
    _printf_truncate_unsigned                 - Undefined Weak Reference
    _rand_init                                - Undefined Weak Reference
    _signal_finish                            - Undefined Weak Reference
    _signal_init                              - Undefined Weak Reference
    _terminate_alloc                          - Undefined Weak Reference
    _terminate_user_alloc                     - Undefined Weak Reference
    _terminateio                              - Undefined Weak Reference
    __Vectors_Size                           0x000000c0   Number         0  arm_startup_nrf51.o ABSOLUTE
    __Vectors                                0x0000a000   Data           4  arm_startup_nrf51.o(RESET)
    __Vectors_End                            0x0000a0c0   Data           0  arm_startup_nrf51.o(RESET)
    __main                                   0x0000a0c1   Thumb Code     8  __main.o(!!!main)
    __scatterload                            0x0000a0c9   Thumb Code     0  __scatter.o(!!!scatter)
    __scatterload_rt2                        0x0000a0c9   Thumb Code    52  __scatter.o(!!!scatter)
    __scatterload_rt2_thumb_only             0x0000a0c9   Thumb Code     0  __scatter.o(!!!scatter)
    __scatterload_null                       0x0000a0d9   Thumb Code     0  __scatter.o(!!!scatter)
    __scatterload_copy                       0x0000a105   Thumb Code    26  __scatter_copy.o(!!handler_copy)
    __scatterload_zeroinit                   0x0000a121   Thumb Code    28  __scatter_zi.o(!!handler_zi)
    _printf_percent                          0x0000a13d   Thumb Code     0  _printf_percent.o(.ARM.Collect$$_printf_percent$$00000000)
    _printf_d                                0x0000a13f   Thumb Code     0  _printf_d.o(.ARM.Collect$$_printf_percent$$00000009)
    _printf_x                                0x0000a149   Thumb Code     0  _printf_x.o(.ARM.Collect$$_printf_percent$$0000000C)
    _printf_percent_end                      0x0000a153   Thumb Code     0  _printf_percent_end.o(.ARM.Collect$$_printf_percent$$00000017)
    __rt_lib_init                            0x0000a157   Thumb Code     0  libinit.o(.ARM.Collect$$libinit$$00000000)
    __rt_lib_init_alloca_1                   0x0000a159   Thumb Code     0  libinit2.o(.ARM.Collect$$libinit$$0000002E)
    __rt_lib_init_argv_1                     0x0000a159   Thumb Code     0  libinit2.o(.ARM.Collect$$libinit$$0000002C)
    __rt_lib_init_atexit_1                   0x0000a159   Thumb Code     0  libinit2.o(.ARM.Collect$$libinit$$0000001B)
    __rt_lib_init_clock_1                    0x0000a159   Thumb Code     0  libinit2.o(.ARM.Collect$$libinit$$00000021)
    __rt_lib_init_cpp_1                      0x0000a159   Thumb Code     0  libinit2.o(.ARM.Collect$$libinit$$00000032)
    __rt_lib_init_exceptions_1               0x0000a159   Thumb Code     0  libinit2.o(.ARM.Collect$$libinit$$00000030)
    __rt_lib_init_fp_1                       0x0000a159   Thumb Code     0  libinit2.o(.ARM.Collect$$libinit$$00000002)
    __rt_lib_init_fp_trap_1                  0x0000a159   Thumb Code     0  libinit2.o(.ARM.Collect$$libinit$$0000001F)
    __rt_lib_init_getenv_1                   0x0000a159   Thumb Code     0  libinit2.o(.ARM.Collect$$libinit$$00000023)
    __rt_lib_init_heap_1                     0x0000a159   Thumb Code     0  libinit2.o(.ARM.Collect$$libinit$$0000000A)
    __rt_lib_init_lc_collate_1               0x0000a159   Thumb Code     0  libinit2.o(.ARM.Collect$$libinit$$00000011)
    __rt_lib_init_lc_ctype_1                 0x0000a159   Thumb Code     0  libinit2.o(.ARM.Collect$$libinit$$00000013)
    __rt_lib_init_lc_monetary_1              0x0000a159   Thumb Code     0  libinit2.o(.ARM.Collect$$libinit$$00000015)
    __rt_lib_init_lc_numeric_1               0x0000a159   Thumb Code     0  libinit2.o(.ARM.Collect$$libinit$$00000017)
    __rt_lib_init_lc_time_1                  0x0000a159   Thumb Code     0  libinit2.o(.ARM.Collect$$libinit$$00000019)
    __rt_lib_init_preinit_1                  0x0000a159   Thumb Code     0  libinit2.o(.ARM.Collect$$libinit$$00000004)
    __rt_lib_init_rand_1                     0x0000a159   Thumb Code     0  libinit2.o(.ARM.Collect$$libinit$$0000000E)
    __rt_lib_init_return                     0x0000a159   Thumb Code     0  libinit2.o(.ARM.Collect$$libinit$$00000033)
    __rt_lib_init_signal_1                   0x0000a159   Thumb Code     0  libinit2.o(.ARM.Collect$$libinit$$0000001D)
    __rt_lib_init_stdio_1                    0x0000a159   Thumb Code     0  libinit2.o(.ARM.Collect$$libinit$$00000025)
    __rt_lib_init_user_alloc_1               0x0000a159   Thumb Code     0  libinit2.o(.ARM.Collect$$libinit$$0000000C)
    __rt_lib_shutdown                        0x0000a15b   Thumb Code     0  libshutdown.o(.ARM.Collect$$libshutdown$$00000000)
    __rt_lib_shutdown_cpp_1                  0x0000a15d   Thumb Code     0  libshutdown2.o(.ARM.Collect$$libshutdown$$00000002)
    __rt_lib_shutdown_fp_trap_1              0x0000a15d   Thumb Code     0  libshutdown2.o(.ARM.Collect$$libshutdown$$00000007)
    __rt_lib_shutdown_heap_1                 0x0000a15d   Thumb Code     0  libshutdown2.o(.ARM.Collect$$libshutdown$$0000000F)
    __rt_lib_shutdown_return                 0x0000a15d   Thumb Code     0  libshutdown2.o(.ARM.Collect$$libshutdown$$00000010)
    __rt_lib_shutdown_signal_1               0x0000a15d   Thumb Code     0  libshutdown2.o(.ARM.Collect$$libshutdown$$0000000A)
    __rt_lib_shutdown_stdio_1                0x0000a15d   Thumb Code     0  libshutdown2.o(.ARM.Collect$$libshutdown$$00000004)
    __rt_lib_shutdown_user_alloc_1           0x0000a15d   Thumb Code     0  libshutdown2.o(.ARM.Collect$$libshutdown$$0000000C)
    __rt_entry                               0x0000a15f   Thumb Code     0  __rtentry.o(.ARM.Collect$$rtentry$$00000000)
    __rt_entry_presh_1                       0x0000a15f   Thumb Code     0  __rtentry2.o(.ARM.Collect$$rtentry$$00000002)
    __rt_entry_sh                            0x0000a15f   Thumb Code     0  __rtentry4.o(.ARM.Collect$$rtentry$$00000004)
    __rt_entry_li                            0x0000a165   Thumb Code     0  __rtentry2.o(.ARM.Collect$$rtentry$$0000000A)
    __rt_entry_postsh_1                      0x0000a165   Thumb Code     0  __rtentry2.o(.ARM.Collect$$rtentry$$00000009)
    __rt_entry_main                          0x0000a169   Thumb Code     0  __rtentry2.o(.ARM.Collect$$rtentry$$0000000D)
    __rt_entry_postli_1                      0x0000a169   Thumb Code     0  __rtentry2.o(.ARM.Collect$$rtentry$$0000000C)
    __rt_exit                                0x0000a171   Thumb Code     0  rtexit.o(.ARM.Collect$$rtexit$$00000000)
    __rt_exit_ls                             0x0000a173   Thumb Code     0  rtexit2.o(.ARM.Collect$$rtexit$$00000003)
    __rt_exit_prels_1                        0x0000a173   Thumb Code     0  rtexit2.o(.ARM.Collect$$rtexit$$00000002)
    __rt_exit_exit                           0x0000a177   Thumb Code     0  rtexit2.o(.ARM.Collect$$rtexit$$00000004)
    __asm___11_nrf_delay_c_532987f3__nrf_delay_us 0x0000a17d   Thumb Code    30  nrf_delay.o(.emb_text)
    __aeabi_memcpy4                          0x0000a19d   Thumb Code    56  rt_memcpy.o(.emb_text)
    __aeabi_memcpy8                          0x0000a19d   Thumb Code     0  rt_memcpy.o(.emb_text)
    nrf_delay_ms                             0x0000a1d5   Thumb Code    24  nrf_delay.o(.text)
    Reset_Handler                            0x0000a1f1   Thumb Code    26  arm_startup_nrf51.o(.text)
    NMI_Handler                              0x0000a20b   Thumb Code     2  arm_startup_nrf51.o(.text)
    SVC_Handler                              0x0000a20f   Thumb Code     2  arm_startup_nrf51.o(.text)
    PendSV_Handler                           0x0000a211   Thumb Code     2  arm_startup_nrf51.o(.text)
    SysTick_Handler                          0x0000a213   Thumb Code     2  arm_startup_nrf51.o(.text)
    ADC_IRQHandler                           0x0000a215   Thumb Code     0  arm_startup_nrf51.o(.text)
    CCM_AAR_IRQHandler                       0x0000a215   Thumb Code     0  arm_startup_nrf51.o(.text)
    ECB_IRQHandler                           0x0000a215   Thumb Code     0  arm_startup_nrf51.o(.text)
    GPIOTE_IRQHandler                        0x0000a215   Thumb Code     0  arm_startup_nrf51.o(.text)
    LPCOMP_IRQHandler                        0x0000a215   Thumb Code     0  arm_startup_nrf51.o(.text)
    POWER_CLOCK_IRQHandler                   0x0000a215   Thumb Code     0  arm_startup_nrf51.o(.text)
    QDEC_IRQHandler                          0x0000a215   Thumb Code     0  arm_startup_nrf51.o(.text)
    RADIO_IRQHandler                         0x0000a215   Thumb Code     0  arm_startup_nrf51.o(.text)
    RNG_IRQHandler                           0x0000a215   Thumb Code     0  arm_startup_nrf51.o(.text)
    RTC0_IRQHandler                          0x0000a215   Thumb Code     0  arm_startup_nrf51.o(.text)
    RTC1_IRQHandler                          0x0000a215   Thumb Code     0  arm_startup_nrf51.o(.text)
    SPI0_TWI0_IRQHandler                     0x0000a215   Thumb Code     0  arm_startup_nrf51.o(.text)
    SPI1_TWI1_IRQHandler                     0x0000a215   Thumb Code     0  arm_startup_nrf51.o(.text)
    SWI0_IRQHandler                          0x0000a215   Thumb Code     0  arm_startup_nrf51.o(.text)
    SWI1_IRQHandler                          0x0000a215   Thumb Code     0  arm_startup_nrf51.o(.text)
    SWI2_IRQHandler                          0x0000a215   Thumb Code     0  arm_startup_nrf51.o(.text)
    SWI4_IRQHandler                          0x0000a215   Thumb Code     0  arm_startup_nrf51.o(.text)
    SWI5_IRQHandler                          0x0000a215   Thumb Code     0  arm_startup_nrf51.o(.text)
    TEMP_IRQHandler                          0x0000a215   Thumb Code     0  arm_startup_nrf51.o(.text)
    TIMER0_IRQHandler                        0x0000a215   Thumb Code     0  arm_startup_nrf51.o(.text)
    TIMER1_IRQHandler                        0x0000a215   Thumb Code     0  arm_startup_nrf51.o(.text)
    TIMER2_IRQHandler                        0x0000a215   Thumb Code     0  arm_startup_nrf51.o(.text)
    UART0_IRQHandler                         0x0000a215   Thumb Code     0  arm_startup_nrf51.o(.text)
    WDT_IRQHandler                           0x0000a215   Thumb Code     0  arm_startup_nrf51.o(.text)
    __user_initial_stackheap                 0x0000a219   Thumb Code    10  arm_startup_nrf51.o(.text)
    SystemCoreClockUpdate                    0x0000a245   Thumb Code     8  system_nrf51422.o(.text)
    SystemInit                               0x0000a2e9   Thumb Code    38  system_nrf51422.o(.text)
    SEGGER_RTT_ReadNoLock                    0x0000a477   Thumb Code   168  segger_rtt.o(.text)
    SEGGER_RTT_Read                          0x0000a51f   Thumb Code    28  segger_rtt.o(.text)
    SEGGER_RTT_WriteSkipNoLock               0x0000a53b   Thumb Code   178  segger_rtt.o(.text)
    SEGGER_RTT_WriteNoLock                   0x0000a5ed   Thumb Code   130  segger_rtt.o(.text)
    SEGGER_RTT_Write                         0x0000a66f   Thumb Code    44  segger_rtt.o(.text)
    SEGGER_RTT_WriteString                   0x0000a69b   Thumb Code    26  segger_rtt.o(.text)
    SEGGER_RTT_GetKey                        0x0000a6b5   Thumb Code    32  segger_rtt.o(.text)
    SEGGER_RTT_WaitKey                       0x0000a6d5   Thumb Code    14  segger_rtt.o(.text)
    SEGGER_RTT_HasKey                        0x0000a6e3   Thumb Code    78  segger_rtt.o(.text)
    SEGGER_RTT_HasData                       0x0000a731   Thumb Code    20  segger_rtt.o(.text)
    SEGGER_RTT_ConfigUpBuffer                0x0000a745   Thumb Code   128  segger_rtt.o(.text)
    SEGGER_RTT_ConfigDownBuffer              0x0000a7c5   Thumb Code   120  segger_rtt.o(.text)
    SEGGER_RTT_SetNameUpBuffer               0x0000a83d   Thumb Code    60  segger_rtt.o(.text)
    SEGGER_RTT_SetNameDownBuffer             0x0000a879   Thumb Code    58  segger_rtt.o(.text)
    SEGGER_RTT_Init                          0x0000a8b3   Thumb Code    22  segger_rtt.o(.text)
    SEGGER_RTT_SetTerminal                   0x0000a8c9   Thumb Code   112  segger_rtt.o(.text)
    SEGGER_RTT_TerminalOut                   0x0000a939   Thumb Code   220  segger_rtt.o(.text)
    SetLEDS                                  0x0000aa21   Thumb Code    24  functions.o(.text)
    PrepareLEDS                              0x0000aa39   Thumb Code    46  functions.o(.text)
    BlinkOnce                                0x0000aa67   Thumb Code    22  functions.o(.text)
    BlinkLEDS                                0x0000aa7d   Thumb Code    42  functions.o(.text)
    PrepareButtons                           0x0000aaa7   Thumb Code    40  functions.o(.text)
    ReadButtons                              0x0000aacf   Thumb Code    50  functions.o(.text)
    init                                     0x0000ab01   Thumb Code    20  functions.o(.text)
    write_hex_value                          0x0000ab15   Thumb Code    54  functions.o(.text)
    ReadRNG                                  0x0000ab4b   Thumb Code    30  functions.o(.text)
    PrepareTemp                              0x0000ab69   Thumb Code    12  functions.o(.text)
    ReadTemperature                          0x0000ab75   Thumb Code   132  functions.o(.text)
    HandleMessage                            0x0000aca1   Thumb Code    12  segmenter.o(.text)
    AddMessage                               0x0000acad   Thumb Code   172  segmenter.o(.text)
    FillSendData                             0x0000ad59   Thumb Code    42  segmenter.o(.text)
    SendData                                 0x0000ad83   Thumb Code   164  segmenter.o(.text)
    app_error_handler                        0x0000ae35   Thumb Code     4  master.o(.text)
    SWI3_IRQHandler                          0x0000aefb   Thumb Code     2  master.o(.text)
    softdevice_assert_callback               0x0000aefd   Thumb Code    12  master.o(.text)
    HardFault_Handler                        0x0000af09   Thumb Code    12  master.o(.text)
    main                                     0x0000af15   Thumb Code   238  master.o(.text)
    __2sprintf                               0x0000b049   Thumb Code    40  __2sprintf.o(.text)
    _printf_pre_padding                      0x0000b075   Thumb Code    44  _printf_pad.o(.text)
    _printf_post_padding                     0x0000b0a1   Thumb Code    34  _printf_pad.o(.text)
    _printf_int_dec                          0x0000b0c5   Thumb Code    90  _printf_dec.o(.text)
    _printf_int_hex                          0x0000b131   Thumb Code    84  _printf_hex_int.o(.text)
    _printf_longlong_hex                     0x0000b131   Thumb Code     0  _printf_hex_int.o(.text)
    __printf                                 0x0000b189   Thumb Code   306  __printf_flags_wp.o(.text)
    strcpy                                   0x0000b2c1   Thumb Code    70  strcpy.o(.text)
    strlen                                   0x0000b30d   Thumb Code    62  strlen.o(.text)
    __aeabi_memcpy                           0x0000b351   Thumb Code   130  rt_memcpy.o(.text)
    __rt_memcpy                              0x0000b351   Thumb Code     0  rt_memcpy.o(.text)
    __use_two_region_memory                  0x0000b3d3   Thumb Code     2  heapauxi.o(.text)
    __rt_heap_escrow$2region                 0x0000b3d5   Thumb Code     2  heapauxi.o(.text)
    __rt_heap_expand$2region                 0x0000b3d7   Thumb Code     2  heapauxi.o(.text)
    _printf_int_common                       0x0000b3d9   Thumb Code   176  _printf_intcommon.o(.text)
    _printf_char_common                      0x0000b493   Thumb Code    32  _printf_char_common.o(.text)
    _sputc                                   0x0000b4b9   Thumb Code    10  _sputc.o(.text)
    __rt_udiv10                              0x0000b4c3   Thumb Code    40  rtudiv10.o(.text)
    __user_setup_stackheap                   0x0000b4eb   Thumb Code    62  sys_stackheap_outer.o(.text)
    exit                                     0x0000b529   Thumb Code    16  exit.o(.text)
    __user_libspace                          0x0000b539   Thumb Code     8  libspace.o(.text)
    __user_perproc_libspace                  0x0000b539   Thumb Code     0  libspace.o(.text)
    __user_perthread_libspace                0x0000b539   Thumb Code     0  libspace.o(.text)
    _sys_exit                                0x0000b541   Thumb Code     8  sys_exit.o(.text)
    __I$use$semihosting                      0x0000b54d   Thumb Code     0  use_no_semi.o(.text)
    __use_no_semihosting_swi                 0x0000b54d   Thumb Code     2  use_no_semi.o(.text)
    __semihosting_library_function           0x0000b54f   Thumb Code     0  indicate_semi.o(.text)
    _is_digit                                0x0000b54f   Thumb Code    14  __printf_wp.o(i._is_digit)
    Region$$Table$$Base                      0x0000b598   Number         0  anon$$obj.o(Region$$Table)
    Region$$Table$$Limit                     0x0000b5b8   Number         0  anon$$obj.o(Region$$Table)
    SystemCoreClock                          0x20000900   Data           4  system_nrf51422.o(.data)
    button_value                             0x20000918   Data           1  functions.o(.data)
    message1                                 0x20000920   Data          12  segmenter.o(.data)
    message11                                0x2000092c   Data          12  segmenter.o(.data)
    message2                                 0x20000938   Data          12  segmenter.o(.data)
    message3                                 0x20000944   Data          12  segmenter.o(.data)
    message4                                 0x20000950   Data          12  segmenter.o(.data)
    message5                                 0x2000095c   Data          12  segmenter.o(.data)
    message6                                 0x20000968   Data          12  segmenter.o(.data)
    message7                                 0x20000974   Data          12  segmenter.o(.data)
    message8                                 0x20000980   Data          12  segmenter.o(.data)
    sender                                   0x2000098c   Data          16  segmenter.o(.data)
    sender2                                  0x2000099c   Data          32  segmenter.o(.data)
    send_counter                             0x200009bc   Data           1  segmenter.o(.data)
    recieved_value                           0x200009c5   Data           1  master.o(.data)
    _SEGGER_RTT                              0x20000dd8   Data         120  segger_rtt.o(.bss)
    transmit                                 0x20000e50   Data          68  segmenter.o(.bss)
    recieve                                  0x20000e94   Data          68  segmenter.o(.bss)
    __libspace_start                         0x20000ef8   Data          96  libspace.o(.bss)
    __temporary_stack_top$libspace           0x20000f58   Data           0  libspace.o(.bss)



==============================================================================

Memory Map of the image

  Image Entry point : 0x0000a0c1

  Load Region LR_IROM1 (Base: 0x0000a000, Size: 0x00001680, Max: 0x00036000, ABSOLUTE)

    Execution Region ER_IROM1 (Base: 0x0000a000, Size: 0x000015b8, Max: 0x00036000, ABSOLUTE)

    Base Addr    Size         Type   Attr      Idx    E Section Name        Object

    0x0000a000   0x000000c0   Data   RO           68    RESET               arm_startup_nrf51.o
    0x0000a0c0   0x00000008   Code   RO          319  * !!!main             c_p.l(__main.o)
    0x0000a0c8   0x0000003c   Code   RO          489    !!!scatter          c_p.l(__scatter.o)
    0x0000a104   0x0000001a   Code   RO          491    !!handler_copy      c_p.l(__scatter_copy.o)
    0x0000a11e   0x00000002   PAD
    0x0000a120   0x0000001c   Code   RO          493    !!handler_zi        c_p.l(__scatter_zi.o)
    0x0000a13c   0x00000002   Code   RO          308    .ARM.Collect$$_printf_percent$$00000000  c_p.l(_printf_percent.o)
    0x0000a13e   0x0000000a   Code   RO          307    .ARM.Collect$$_printf_percent$$00000009  c_p.l(_printf_d.o)
    0x0000a148   0x0000000a   Code   RO          306    .ARM.Collect$$_printf_percent$$0000000C  c_p.l(_printf_x.o)
    0x0000a152   0x00000004   Code   RO          328    .ARM.Collect$$_printf_percent$$00000017  c_p.l(_printf_percent_end.o)
    0x0000a156   0x00000002   Code   RO          358    .ARM.Collect$$libinit$$00000000  c_p.l(libinit.o)
    0x0000a158   0x00000000   Code   RO          366    .ARM.Collect$$libinit$$00000002  c_p.l(libinit2.o)
    0x0000a158   0x00000000   Code   RO          368    .ARM.Collect$$libinit$$00000004  c_p.l(libinit2.o)
    0x0000a158   0x00000000   Code   RO          371    .ARM.Collect$$libinit$$0000000A  c_p.l(libinit2.o)
    0x0000a158   0x00000000   Code   RO          373    .ARM.Collect$$libinit$$0000000C  c_p.l(libinit2.o)
    0x0000a158   0x00000000   Code   RO          375    .ARM.Collect$$libinit$$0000000E  c_p.l(libinit2.o)
    0x0000a158   0x00000000   Code   RO          378    .ARM.Collect$$libinit$$00000011  c_p.l(libinit2.o)
    0x0000a158   0x00000000   Code   RO          380    .ARM.Collect$$libinit$$00000013  c_p.l(libinit2.o)
    0x0000a158   0x00000000   Code   RO          382    .ARM.Collect$$libinit$$00000015  c_p.l(libinit2.o)
    0x0000a158   0x00000000   Code   RO          384    .ARM.Collect$$libinit$$00000017  c_p.l(libinit2.o)
    0x0000a158   0x00000000   Code   RO          386    .ARM.Collect$$libinit$$00000019  c_p.l(libinit2.o)
    0x0000a158   0x00000000   Code   RO          388    .ARM.Collect$$libinit$$0000001B  c_p.l(libinit2.o)
    0x0000a158   0x00000000   Code   RO          390    .ARM.Collect$$libinit$$0000001D  c_p.l(libinit2.o)
    0x0000a158   0x00000000   Code   RO          392    .ARM.Collect$$libinit$$0000001F  c_p.l(libinit2.o)
    0x0000a158   0x00000000   Code   RO          394    .ARM.Collect$$libinit$$00000021  c_p.l(libinit2.o)
    0x0000a158   0x00000000   Code   RO          396    .ARM.Collect$$libinit$$00000023  c_p.l(libinit2.o)
    0x0000a158   0x00000000   Code   RO          398    .ARM.Collect$$libinit$$00000025  c_p.l(libinit2.o)
    0x0000a158   0x00000000   Code   RO          402    .ARM.Collect$$libinit$$0000002C  c_p.l(libinit2.o)
    0x0000a158   0x00000000   Code   RO          404    .ARM.Collect$$libinit$$0000002E  c_p.l(libinit2.o)
    0x0000a158   0x00000000   Code   RO          406    .ARM.Collect$$libinit$$00000030  c_p.l(libinit2.o)
    0x0000a158   0x00000000   Code   RO          408    .ARM.Collect$$libinit$$00000032  c_p.l(libinit2.o)
    0x0000a158   0x00000002   Code   RO          409    .ARM.Collect$$libinit$$00000033  c_p.l(libinit2.o)
    0x0000a15a   0x00000002   Code   RO          429    .ARM.Collect$$libshutdown$$00000000  c_p.l(libshutdown.o)
    0x0000a15c   0x00000000   Code   RO          442    .ARM.Collect$$libshutdown$$00000002  c_p.l(libshutdown2.o)
    0x0000a15c   0x00000000   Code   RO          444    .ARM.Collect$$libshutdown$$00000004  c_p.l(libshutdown2.o)
    0x0000a15c   0x00000000   Code   RO          447    .ARM.Collect$$libshutdown$$00000007  c_p.l(libshutdown2.o)
    0x0000a15c   0x00000000   Code   RO          450    .ARM.Collect$$libshutdown$$0000000A  c_p.l(libshutdown2.o)
    0x0000a15c   0x00000000   Code   RO          452    .ARM.Collect$$libshutdown$$0000000C  c_p.l(libshutdown2.o)
    0x0000a15c   0x00000000   Code   RO          455    .ARM.Collect$$libshutdown$$0000000F  c_p.l(libshutdown2.o)
    0x0000a15c   0x00000002   Code   RO          456    .ARM.Collect$$libshutdown$$00000010  c_p.l(libshutdown2.o)
    0x0000a15e   0x00000000   Code   RO          321    .ARM.Collect$$rtentry$$00000000  c_p.l(__rtentry.o)
    0x0000a15e   0x00000000   Code   RO          332    .ARM.Collect$$rtentry$$00000002  c_p.l(__rtentry2.o)
    0x0000a15e   0x00000006   Code   RO          344    .ARM.Collect$$rtentry$$00000004  c_p.l(__rtentry4.o)
    0x0000a164   0x00000000   Code   RO          334    .ARM.Collect$$rtentry$$00000009  c_p.l(__rtentry2.o)
    0x0000a164   0x00000004   Code   RO          335    .ARM.Collect$$rtentry$$0000000A  c_p.l(__rtentry2.o)
    0x0000a168   0x00000000   Code   RO          337    .ARM.Collect$$rtentry$$0000000C  c_p.l(__rtentry2.o)
    0x0000a168   0x00000008   Code   RO          338    .ARM.Collect$$rtentry$$0000000D  c_p.l(__rtentry2.o)
    0x0000a170   0x00000002   Code   RO          363    .ARM.Collect$$rtexit$$00000000  c_p.l(rtexit.o)
    0x0000a172   0x00000000   Code   RO          411    .ARM.Collect$$rtexit$$00000002  c_p.l(rtexit2.o)
    0x0000a172   0x00000004   Code   RO          412    .ARM.Collect$$rtexit$$00000003  c_p.l(rtexit2.o)
    0x0000a176   0x00000006   Code   RO          413    .ARM.Collect$$rtexit$$00000004  c_p.l(rtexit2.o)
    0x0000a17c   0x0000001e   Code   RO            3    .emb_text           nrf_delay.o
    0x0000a19a   0x00000002   PAD
    0x0000a19c   0x00000038   Code   RO          313    .emb_text           c_p.l(rt_memcpy.o)
    0x0000a1d4   0x0000001c   Code   RO            4    .text               nrf_delay.o
    0x0000a1f0   0x00000054   Code   RO           69    .text               arm_startup_nrf51.o
    0x0000a244   0x000000e8   Code   RO           75    .text               system_nrf51422.o
    0x0000a32c   0x000006f4   Code   RO          102    .text               segger_rtt.o
    0x0000aa20   0x00000280   Code   RO          130    .text               functions.o
    0x0000aca0   0x00000194   Code   RO          203    .text               segmenter.o
    0x0000ae34   0x00000214   Code   RO          225    .text               master.o
    0x0000b048   0x0000002c   Code   RO          255    .text               c_p.l(__2sprintf.o)
    0x0000b074   0x0000004e   Code   RO          261    .text               c_p.l(_printf_pad.o)
    0x0000b0c2   0x00000002   PAD
    0x0000b0c4   0x0000006c   Code   RO          263    .text               c_p.l(_printf_dec.o)
    0x0000b130   0x00000058   Code   RO          268    .text               c_p.l(_printf_hex_int.o)
    0x0000b188   0x00000138   Code   RO          298    .text               c_p.l(__printf_flags_wp.o)
    0x0000b2c0   0x0000004c   Code   RO          309    .text               c_p.l(strcpy.o)
    0x0000b30c   0x00000044   Code   RO          311    .text               c_p.l(strlen.o)
    0x0000b350   0x00000082   Code   RO          314    .text               c_p.l(rt_memcpy.o)
    0x0000b3d2   0x00000006   Code   RO          317    .text               c_p.l(heapauxi.o)
    0x0000b3d8   0x000000b0   Code   RO          322    .text               c_p.l(_printf_intcommon.o)
    0x0000b488   0x00000030   Code   RO          324    .text               c_p.l(_printf_char_common.o)
    0x0000b4b8   0x0000000a   Code   RO          326    .text               c_p.l(_sputc.o)
    0x0000b4c2   0x00000028   Code   RO          329    .text               c_p.l(rtudiv10.o)
    0x0000b4ea   0x0000003e   Code   RO          348    .text               c_p.l(sys_stackheap_outer.o)
    0x0000b528   0x00000010   Code   RO          351    .text               c_p.l(exit.o)
    0x0000b538   0x00000008   Code   RO          359    .text               c_p.l(libspace.o)
    0x0000b540   0x0000000c   Code   RO          421    .text               c_p.l(sys_exit.o)
    0x0000b54c   0x00000002   Code   RO          432    .text               c_p.l(use_no_semi.o)
    0x0000b54e   0x00000000   Code   RO          434    .text               c_p.l(indicate_semi.o)
    0x0000b54e   0x0000000e   Code   RO          296    i._is_digit         c_p.l(__printf_wp.o)
    0x0000b55c   0x00000028   Data   RO          269    .constdata          c_p.l(_printf_hex_int.o)
    0x0000b584   0x00000011   Data   RO          299    .constdata          c_p.l(__printf_flags_wp.o)
    0x0000b595   0x00000003   PAD
    0x0000b598   0x00000020   Data   RO          487    Region$$Table       anon$$obj.o


    Execution Region RW_IRAM1 (Base: 0x20000900, Size: 0x00001658, Max: 0x00003700, ABSOLUTE)

    Base Addr    Size         Type   Attr      Idx    E Section Name        Object

    0x20000900   0x00000004   Data   RW           76    .data               system_nrf51422.o
    0x20000904   0x00000011   Data   RW          104    .data               segger_rtt.o
    0x20000915   0x00000003   PAD
    0x20000918   0x00000008   Data   RW          131    .data               functions.o
    0x20000920   0x0000009d   Data   RW          205    .data               segmenter.o
    0x200009bd   0x00000009   Data   RW          227    .data               master.o
    0x200009c6   0x00000002   PAD
    0x200009c8   0x00000488   Zero   RW          103    .bss                segger_rtt.o
    0x20000e50   0x00000088   Zero   RW          204    .bss                segmenter.o
    0x20000ed8   0x00000020   Zero   RW          226    .bss                master.o
    0x20000ef8   0x00000060   Zero   RW          360    .bss                c_p.l(libspace.o)
    0x20000f58   0x00000800   Zero   RW           67    HEAP                arm_startup_nrf51.o
    0x20001758   0x00000800   Zero   RW           66    STACK               arm_startup_nrf51.o


==============================================================================

Image component sizes


      Code (inc. data)   RO Data    RW Data    ZI Data      Debug   Object Name

        84         36        192          0       4096        688   arm_startup_nrf51.o
       640        168          0          8          0       3057   functions.o
       532         70          0          9         32       3643   master.o
        58          4          0          0          0       5699   nrf_delay.o
      1780         52          0         17       1160      11338   segger_rtt.o
       404         14          0        157        136       2754   segmenter.o
       232         30          0          4          0       1193   system_nrf51422.o

    ----------------------------------------------------------------------
      3732        374        224        200       5424      28372   Object Totals
         0          0         32          0          0          0   (incl. Generated)
         2          0          0          5          0          0   (incl. Padding)

    ----------------------------------------------------------------------

      Code (inc. data)   RO Data    RW Data    ZI Data      Debug   Library Member Name

        44          4          0          0          0         84   __2sprintf.o
         8          0          0          0          0         68   __main.o
       312          6         17          0          0         76   __printf_flags_wp.o
        14          0          0          0          0         60   __printf_wp.o
         0          0          0          0          0          0   __rtentry.o
        12          0          0          0          0          0   __rtentry2.o
         6          0          0          0          0          0   __rtentry4.o
        60          8          0          0          0          0   __scatter.o
        26          0          0          0          0          0   __scatter_copy.o
        28          0          0          0          0          0   __scatter_zi.o
        48          6          0          0          0         88   _printf_char_common.o
        10          0          0          0          0          0   _printf_d.o
       108         18          0          0          0         76   _printf_dec.o
        88          4         40          0          0         72   _printf_hex_int.o
       176          0          0          0          0         84   _printf_intcommon.o
        78          0          0          0          0        100   _printf_pad.o
         2          0          0          0          0          0   _printf_percent.o
         4          0          0          0          0          0   _printf_percent_end.o
        10          0          0          0          0          0   _printf_x.o
        10          0          0          0          0         60   _sputc.o
        16          0          0          0          0         68   exit.o
         6          0          0          0          0        136   heapauxi.o
         0          0          0          0          0          0   indicate_semi.o
         2          0          0          0          0          0   libinit.o
         2          0          0          0          0          0   libinit2.o
         2          0          0          0          0          0   libshutdown.o
         2          0          0          0          0          0   libshutdown2.o
         8          4          0          0         96         68   libspace.o
       186          0          0          0          0        144   rt_memcpy.o
         2          0          0          0          0          0   rtexit.o
        10          0          0          0          0          0   rtexit2.o
        40          0          0          0          0         60   rtudiv10.o
        76          6          0          0          0         72   strcpy.o
        68          6          0          0          0         72   strlen.o
        12          4          0          0          0         60   sys_exit.o
        62          0          0          0          0         80   sys_stackheap_outer.o
         2          0          0          0          0         68   use_no_semi.o

    ----------------------------------------------------------------------
      1544         66         60          0         96       1596   Library Totals
         4          0          3          0          0          0   (incl. Padding)

    ----------------------------------------------------------------------

      Code (inc. data)   RO Data    RW Data    ZI Data      Debug   Library Name

      1540         66         57          0         96       1596   c_p.l

    ----------------------------------------------------------------------
      1544         66         60          0         96       1596   Library Totals

    ----------------------------------------------------------------------

==============================================================================


      Code (inc. data)   RO Data    RW Data    ZI Data      Debug   

      5276        440        284        200       5520      28892   Grand Totals
      5276        440        284        200       5520      28892   ELF Image Totals
      5276        440        284        200          0          0   ROM Totals

==============================================================================

    Total RO  Size (Code + RO Data)                 5560 (   5.43kB)
    Total RW  Size (RW Data + ZI Data)              5720 (   5.59kB)
    Total ROM Size (Code + RO Data + RW Data)       5760 (   5.63kB)

==============================================================================

