Component: ARM Compiler 5.06 update 3 (build 300) Tool: armlink [4d35c9]

==============================================================================

Section Cross References

    arm_startup_nrf51.o(STACK) refers (Special) to heapauxi.o(.text) for __use_two_region_memory
    arm_startup_nrf51.o(HEAP) refers (Special) to heapauxi.o(.text) for __use_two_region_memory
    arm_startup_nrf51.o(RESET) refers (Special) to heapauxi.o(.text) for __use_two_region_memory
    arm_startup_nrf51.o(RESET) refers to arm_startup_nrf51.o(STACK) for __initial_sp
    arm_startup_nrf51.o(RESET) refers to arm_startup_nrf51.o(.text) for Reset_Handler
    arm_startup_nrf51.o(.text) refers (Special) to heapauxi.o(.text) for __use_two_region_memory
    arm_startup_nrf51.o(.text) refers to system_nrf51.o(.text) for SystemInit
    arm_startup_nrf51.o(.text) refers to __main.o(!!!main) for __main
    arm_startup_nrf51.o(.text) refers to arm_startup_nrf51.o(HEAP) for Heap_Mem
    arm_startup_nrf51.o(.text) refers to arm_startup_nrf51.o(STACK) for Stack_Mem
    system_nrf51.o(.text) refers to system_nrf51.o(.data) for SystemCoreClock
    segger_rtt.o(.text) refers to strcpy.o(.text) for strcpy
    segger_rtt.o(.text) refers to rt_memcpy.o(.text) for __aeabi_memcpy
    segger_rtt.o(.text) refers to strlen.o(.text) for strlen
    segger_rtt.o(.text) refers to segger_rtt.o(.bss) for _SEGGER_RTT
    segger_rtt.o(.text) refers to segger_rtt.o(.data) for _aTerminalId
    main.o(.text) refers to _printf_pad.o(.text) for _printf_pre_padding
    main.o(.text) refers to _printf_percent.o(.ARM.Collect$$_printf_percent$$00000000) for _printf_percent
    main.o(.text) refers to _printf_x.o(.ARM.Collect$$_printf_percent$$0000000C) for _printf_x
    main.o(.text) refers to _printf_hex_int.o(.text) for _printf_longlong_hex
    main.o(.text) refers to noretval__2sprintf.o(.text) for __2sprintf
    main.o(.text) refers to segger_rtt.o(.text) for SEGGER_RTT_WriteString
    main.o(.text) refers to system_nrf51.o(.data) for SystemCoreClock
    main.o(.text) refers to main.o(.data) for previous
    __2sprintf.o(.text) refers to _printf_char_common.o(.text) for _printf_char_common
    __2sprintf.o(.text) refers to _sputc.o(.text) for _sputc
    noretval__2sprintf.o(.text) refers to _printf_char_common.o(.text) for _printf_char_common
    noretval__2sprintf.o(.text) refers to _sputc.o(.text) for _sputc
    __printf.o(.text) refers to _printf_percent.o(.ARM.Collect$$_printf_percent$$00000000) for _printf_percent
    _printf_hex_ll.o(.text) refers to _printf_intcommon.o(.text) for _printf_int_common
    _printf_hex_ll.o(.text) refers to _printf_hex_ll.o(.constdata) for .constdata
    _printf_hex_int.o(.text) refers to _printf_intcommon.o(.text) for _printf_int_common
    _printf_hex_int.o(.text) refers to _printf_hex_int.o(.constdata) for .constdata
    _printf_hex_int_ll.o(.text) refers to _printf_intcommon.o(.text) for _printf_int_common
    _printf_hex_int_ll.o(.text) refers to _printf_hex_int_ll.o(.constdata) for .constdata
    _printf_hex_ptr.o(.text) refers to _printf_intcommon.o(.text) for _printf_int_common
    _printf_hex_ptr.o(.text) refers to _printf_hex_ptr.o(.constdata) for .constdata
    _printf_hex_int_ptr.o(.text) refers to _printf_intcommon.o(.text) for _printf_int_common
    _printf_hex_int_ptr.o(.text) refers to _printf_hex_int_ptr.o(.constdata) for .constdata
    _printf_hex_ll_ptr.o(.text) refers to _printf_intcommon.o(.text) for _printf_int_common
    _printf_hex_ll_ptr.o(.text) refers to _printf_hex_ll_ptr.o(.constdata) for .constdata
    _printf_hex_int_ll_ptr.o(.text) refers to _printf_intcommon.o(.text) for _printf_int_common
    _printf_hex_int_ll_ptr.o(.text) refers to _printf_hex_int_ll_ptr.o(.constdata) for .constdata
    __printf_flags.o(.text) refers to _printf_percent.o(.ARM.Collect$$_printf_percent$$00000000) for _printf_percent
    __printf_flags.o(.text) refers to __printf_flags.o(.constdata) for .constdata
    __printf_ss.o(.text) refers to _printf_percent.o(.ARM.Collect$$_printf_percent$$00000000) for _printf_percent
    __printf_flags_ss.o(.text) refers to _printf_percent.o(.ARM.Collect$$_printf_percent$$00000000) for _printf_percent
    __printf_flags_ss.o(.text) refers to __printf_flags_ss.o(.constdata) for .constdata
    __printf_wp.o(.text) refers to __printf_wp.o(i._is_digit) for _is_digit
    __printf_wp.o(.text) refers to _printf_percent.o(.ARM.Collect$$_printf_percent$$00000000) for _printf_percent
    __printf_flags_wp.o(.text) refers to __printf_wp.o(i._is_digit) for _is_digit
    __printf_flags_wp.o(.text) refers to _printf_percent.o(.ARM.Collect$$_printf_percent$$00000000) for _printf_percent
    __printf_flags_wp.o(.text) refers to __printf_flags_wp.o(.constdata) for .constdata
    __printf_ss_wp.o(.text) refers to __printf_wp.o(i._is_digit) for _is_digit
    __printf_ss_wp.o(.text) refers to _printf_percent.o(.ARM.Collect$$_printf_percent$$00000000) for _printf_percent
    __printf_flags_ss_wp.o(.text) refers to __printf_wp.o(i._is_digit) for _is_digit
    __printf_flags_ss_wp.o(.text) refers to _printf_percent.o(.ARM.Collect$$_printf_percent$$00000000) for _printf_percent
    __printf_flags_ss_wp.o(.text) refers to __printf_flags_ss_wp.o(.constdata) for .constdata
    _printf_x.o(.ARM.Collect$$_printf_percent$$0000000C) refers (Weak) to _printf_hex_int.o(.text) for _printf_int_hex
    _printf_percent.o(.ARM.Collect$$_printf_percent$$00000000) refers (Special) to _printf_percent_end.o(.ARM.Collect$$_printf_percent$$00000017) for _printf_percent_end
    rt_memcpy.o(.text) refers to rt_memcpy.o(.emb_text) for __aeabi_memcpy4
    __main.o(!!!main) refers to __rtentry.o(.ARM.Collect$$rtentry$$00000000) for __rt_entry
    __rtentry.o(.ARM.Collect$$rtentry$$00000000) refers (Special) to __rtentry2.o(.ARM.Collect$$rtentry$$0000000A) for __rt_entry_li
    __rtentry.o(.ARM.Collect$$rtentry$$00000000) refers (Special) to __rtentry2.o(.ARM.Collect$$rtentry$$0000000D) for __rt_entry_main
    __rtentry.o(.ARM.Collect$$rtentry$$00000000) refers (Special) to __rtentry2.o(.ARM.Collect$$rtentry$$0000000C) for __rt_entry_postli_1
    __rtentry.o(.ARM.Collect$$rtentry$$00000000) refers (Special) to __rtentry2.o(.ARM.Collect$$rtentry$$00000009) for __rt_entry_postsh_1
    __rtentry.o(.ARM.Collect$$rtentry$$00000000) refers (Special) to __rtentry2.o(.ARM.Collect$$rtentry$$00000002) for __rt_entry_presh_1
    __rtentry.o(.ARM.Collect$$rtentry$$00000000) refers (Special) to __rtentry4.o(.ARM.Collect$$rtentry$$00000004) for __rt_entry_sh
    _printf_intcommon.o(.text) refers (Weak) to _printf_pad.o(.text) for _printf_pre_padding
    _printf_intcommon.o(.text) refers (Weak) to _printf_pad.o(.text) for _printf_pre_padding
    _printf_intcommon.o(.text) refers (Weak) to _printf_pad.o(.text) for _printf_post_padding
    _printf_char_common.o(.text) refers to __printf_flags_wp.o(.text) for __printf
    __rtentry2.o(.ARM.Collect$$rtentry$$00000008) refers to boardinit2.o(.text) for _platform_post_stackheap_init
    __rtentry2.o(.ARM.Collect$$rtentry$$0000000A) refers to libinit.o(.ARM.Collect$$libinit$$00000000) for __rt_lib_init
    __rtentry2.o(.ARM.Collect$$rtentry$$0000000B) refers to boardinit3.o(.text) for _platform_post_lib_init
    __rtentry2.o(.ARM.Collect$$rtentry$$0000000D) refers to main.o(.text) for main
    __rtentry2.o(.ARM.Collect$$rtentry$$0000000D) refers to exit.o(.text) for exit
    __rtentry2.o(.ARM.exidx) refers to __rtentry2.o(.ARM.Collect$$rtentry$$00000001) for .ARM.Collect$$rtentry$$00000001
    __rtentry2.o(.ARM.exidx) refers to __rtentry2.o(.ARM.Collect$$rtentry$$00000008) for .ARM.Collect$$rtentry$$00000008
    __rtentry2.o(.ARM.exidx) refers to __rtentry2.o(.ARM.Collect$$rtentry$$0000000A) for .ARM.Collect$$rtentry$$0000000A
    __rtentry2.o(.ARM.exidx) refers to __rtentry2.o(.ARM.Collect$$rtentry$$0000000B) for .ARM.Collect$$rtentry$$0000000B
    __rtentry2.o(.ARM.exidx) refers to __rtentry2.o(.ARM.Collect$$rtentry$$0000000D) for .ARM.Collect$$rtentry$$0000000D
    __rtentry4.o(.ARM.Collect$$rtentry$$00000004) refers to sys_stackheap_outer.o(.text) for __user_setup_stackheap
    __rtentry4.o(.ARM.exidx) refers to __rtentry4.o(.ARM.Collect$$rtentry$$00000004) for .ARM.Collect$$rtentry$$00000004
    sys_stackheap_outer.o(.text) refers to libspace.o(.text) for __user_perproc_libspace
    sys_stackheap_outer.o(.text) refers to arm_startup_nrf51.o(.text) for __user_initial_stackheap
    sys_stackheap_outer.o(__vectab_stack_and_reset_area) refers to tempstk.o(.text) for __temporary_stack_top
    sys_stackheap_outer.o(__vectab_stack_and_reset_area) refers to __main.o(!!!main) for __main
    exit.o(.text) refers to rtexit.o(.ARM.Collect$$rtexit$$00000000) for __rt_exit
    libinit.o(.ARM.Collect$$libinit$$00000000) refers (Special) to libinit2.o(.ARM.Collect$$libinit$$0000002E) for __rt_lib_init_alloca_1
    libinit.o(.ARM.Collect$$libinit$$00000000) refers (Special) to libinit2.o(.ARM.Collect$$libinit$$0000002C) for __rt_lib_init_argv_1
    libinit.o(.ARM.Collect$$libinit$$00000000) refers (Special) to libinit2.o(.ARM.Collect$$libinit$$0000001B) for __rt_lib_init_atexit_1
    libinit.o(.ARM.Collect$$libinit$$00000000) refers (Special) to libinit2.o(.ARM.Collect$$libinit$$00000021) for __rt_lib_init_clock_1
    libinit.o(.ARM.Collect$$libinit$$00000000) refers (Special) to libinit2.o(.ARM.Collect$$libinit$$00000032) for __rt_lib_init_cpp_1
    libinit.o(.ARM.Collect$$libinit$$00000000) refers (Special) to libinit2.o(.ARM.Collect$$libinit$$00000030) for __rt_lib_init_exceptions_1
    libinit.o(.ARM.Collect$$libinit$$00000000) refers (Special) to libinit2.o(.ARM.Collect$$libinit$$00000002) for __rt_lib_init_fp_1
    libinit.o(.ARM.Collect$$libinit$$00000000) refers (Special) to libinit2.o(.ARM.Collect$$libinit$$0000001F) for __rt_lib_init_fp_trap_1
    libinit.o(.ARM.Collect$$libinit$$00000000) refers (Special) to libinit2.o(.ARM.Collect$$libinit$$00000023) for __rt_lib_init_getenv_1
    libinit.o(.ARM.Collect$$libinit$$00000000) refers (Special) to libinit2.o(.ARM.Collect$$libinit$$0000000A) for __rt_lib_init_heap_1
    libinit.o(.ARM.Collect$$libinit$$00000000) refers (Special) to libinit2.o(.ARM.Collect$$libinit$$00000011) for __rt_lib_init_lc_collate_1
    libinit.o(.ARM.Collect$$libinit$$00000000) refers (Special) to libinit2.o(.ARM.Collect$$libinit$$00000013) for __rt_lib_init_lc_ctype_1
    libinit.o(.ARM.Collect$$libinit$$00000000) refers (Special) to libinit2.o(.ARM.Collect$$libinit$$00000015) for __rt_lib_init_lc_monetary_1
    libinit.o(.ARM.Collect$$libinit$$00000000) refers (Special) to libinit2.o(.ARM.Collect$$libinit$$00000017) for __rt_lib_init_lc_numeric_1
    libinit.o(.ARM.Collect$$libinit$$00000000) refers (Special) to libinit2.o(.ARM.Collect$$libinit$$00000019) for __rt_lib_init_lc_time_1
    libinit.o(.ARM.Collect$$libinit$$00000000) refers (Special) to libinit2.o(.ARM.Collect$$libinit$$00000004) for __rt_lib_init_preinit_1
    libinit.o(.ARM.Collect$$libinit$$00000000) refers (Special) to libinit2.o(.ARM.Collect$$libinit$$0000000E) for __rt_lib_init_rand_1
    libinit.o(.ARM.Collect$$libinit$$00000000) refers (Special) to libinit2.o(.ARM.Collect$$libinit$$00000033) for __rt_lib_init_return
    libinit.o(.ARM.Collect$$libinit$$00000000) refers (Special) to libinit2.o(.ARM.Collect$$libinit$$0000001D) for __rt_lib_init_signal_1
    libinit.o(.ARM.Collect$$libinit$$00000000) refers (Special) to libinit2.o(.ARM.Collect$$libinit$$00000025) for __rt_lib_init_stdio_1
    libinit.o(.ARM.Collect$$libinit$$00000000) refers (Special) to libinit2.o(.ARM.Collect$$libinit$$0000000C) for __rt_lib_init_user_alloc_1
    libspace.o(.text) refers to libspace.o(.bss) for __libspace_start
    rtexit.o(.ARM.Collect$$rtexit$$00000000) refers (Special) to rtexit2.o(.ARM.Collect$$rtexit$$00000004) for __rt_exit_exit
    rtexit.o(.ARM.Collect$$rtexit$$00000000) refers (Special) to rtexit2.o(.ARM.Collect$$rtexit$$00000003) for __rt_exit_ls
    rtexit.o(.ARM.Collect$$rtexit$$00000000) refers (Special) to rtexit2.o(.ARM.Collect$$rtexit$$00000002) for __rt_exit_prels_1
    rtexit.o(.ARM.exidx) refers (Special) to rtexit2.o(.ARM.Collect$$rtexit$$00000004) for __rt_exit_exit
    rtexit.o(.ARM.exidx) refers (Special) to rtexit2.o(.ARM.Collect$$rtexit$$00000003) for __rt_exit_ls
    rtexit.o(.ARM.exidx) refers (Special) to rtexit2.o(.ARM.Collect$$rtexit$$00000002) for __rt_exit_prels_1
    rtexit.o(.ARM.exidx) refers to rtexit.o(.ARM.Collect$$rtexit$$00000000) for .ARM.Collect$$rtexit$$00000000
    libinit2.o(.ARM.Collect$$libinit$$00000010) refers to libinit2.o(.ARM.Collect$$libinit$$0000000F) for .ARM.Collect$$libinit$$0000000F
    libinit2.o(.ARM.Collect$$libinit$$00000012) refers to libinit2.o(.ARM.Collect$$libinit$$0000000F) for .ARM.Collect$$libinit$$0000000F
    libinit2.o(.ARM.Collect$$libinit$$00000014) refers to libinit2.o(.ARM.Collect$$libinit$$0000000F) for .ARM.Collect$$libinit$$0000000F
    libinit2.o(.ARM.Collect$$libinit$$00000016) refers to libinit2.o(.ARM.Collect$$libinit$$0000000F) for .ARM.Collect$$libinit$$0000000F
    libinit2.o(.ARM.Collect$$libinit$$00000018) refers to libinit2.o(.ARM.Collect$$libinit$$0000000F) for .ARM.Collect$$libinit$$0000000F
    libinit2.o(.ARM.Collect$$libinit$$00000026) refers to argv_veneer.o(.text) for __ARM_argv_veneer
    libinit2.o(.ARM.Collect$$libinit$$00000027) refers to argv_veneer.o(.text) for __ARM_argv_veneer
    rtexit2.o(.ARM.Collect$$rtexit$$00000003) refers to libshutdown.o(.ARM.Collect$$libshutdown$$00000000) for __rt_lib_shutdown
    rtexit2.o(.ARM.Collect$$rtexit$$00000004) refers to sys_exit.o(.text) for _sys_exit
    rtexit2.o(.ARM.exidx) refers to rtexit2.o(.ARM.Collect$$rtexit$$00000001) for .ARM.Collect$$rtexit$$00000001
    rtexit2.o(.ARM.exidx) refers to rtexit2.o(.ARM.Collect$$rtexit$$00000003) for .ARM.Collect$$rtexit$$00000003
    rtexit2.o(.ARM.exidx) refers to rtexit2.o(.ARM.Collect$$rtexit$$00000004) for .ARM.Collect$$rtexit$$00000004
    sys_exit.o(.text) refers (Special) to use_no_semi.o(.text) for __I$use$semihosting
    sys_exit.o(.text) refers (Special) to indicate_semi.o(.text) for __semihosting_library_function
    _get_argv_nomalloc.o(.text) refers (Special) to hrguard.o(.text) for __heap_region$guard
    _get_argv_nomalloc.o(.text) refers to defsig_rtmem_outer.o(.text) for __rt_SIGRTMEM
    _get_argv_nomalloc.o(.text) refers to sys_command.o(.text) for _sys_command_string
    libshutdown.o(.ARM.Collect$$libshutdown$$00000000) refers (Special) to libshutdown2.o(.ARM.Collect$$libshutdown$$00000002) for __rt_lib_shutdown_cpp_1
    libshutdown.o(.ARM.Collect$$libshutdown$$00000000) refers (Special) to libshutdown2.o(.ARM.Collect$$libshutdown$$00000007) for __rt_lib_shutdown_fp_trap_1
    libshutdown.o(.ARM.Collect$$libshutdown$$00000000) refers (Special) to libshutdown2.o(.ARM.Collect$$libshutdown$$0000000F) for __rt_lib_shutdown_heap_1
    libshutdown.o(.ARM.Collect$$libshutdown$$00000000) refers (Special) to libshutdown2.o(.ARM.Collect$$libshutdown$$00000010) for __rt_lib_shutdown_return
    libshutdown.o(.ARM.Collect$$libshutdown$$00000000) refers (Special) to libshutdown2.o(.ARM.Collect$$libshutdown$$0000000A) for __rt_lib_shutdown_signal_1
    libshutdown.o(.ARM.Collect$$libshutdown$$00000000) refers (Special) to libshutdown2.o(.ARM.Collect$$libshutdown$$00000004) for __rt_lib_shutdown_stdio_1
    libshutdown.o(.ARM.Collect$$libshutdown$$00000000) refers (Special) to libshutdown2.o(.ARM.Collect$$libshutdown$$0000000C) for __rt_lib_shutdown_user_alloc_1
    sys_command.o(.text) refers (Special) to use_no_semi.o(.text) for __I$use$semihosting
    sys_command.o(.text) refers (Special) to indicate_semi.o(.text) for __semihosting_library_function
    defsig_rtmem_outer.o(.text) refers to defsig_rtmem_inner.o(.text) for __rt_SIGRTMEM_inner
    defsig_rtmem_outer.o(.text) refers to defsig_exit.o(.text) for __sig_exit
    defsig_rtmem_formal.o(.text) refers to rt_raise.o(.text) for __rt_raise
    rt_raise.o(.text) refers to __raise.o(.text) for __raise
    rt_raise.o(.text) refers to sys_exit.o(.text) for _sys_exit
    defsig_exit.o(.text) refers to sys_exit.o(.text) for _sys_exit
    defsig_rtmem_inner.o(.text) refers to defsig_general.o(.text) for __default_signal_display
    __raise.o(.text) refers to defsig.o(CL$$defsig) for __default_signal_handler
    defsig_general.o(.text) refers to sys_wrch.o(.text) for _ttywrch
    sys_wrch.o(.text) refers (Special) to use_no_semi.o(.text) for __I$use$semihosting
    sys_wrch.o(.text) refers (Special) to indicate_semi.o(.text) for __semihosting_library_function
    defsig.o(CL$$defsig) refers to defsig_rtmem_inner.o(.text) for __rt_SIGRTMEM_inner
    defsig_abrt_inner.o(.text) refers to defsig_general.o(.text) for __default_signal_display
    defsig_fpe_inner.o(.text) refers to defsig_general.o(.text) for __default_signal_display
    defsig_rtred_inner.o(.text) refers to defsig_general.o(.text) for __default_signal_display
    defsig_stak_inner.o(.text) refers to defsig_general.o(.text) for __default_signal_display
    defsig_pvfn_inner.o(.text) refers to defsig_general.o(.text) for __default_signal_display
    defsig_cppl_inner.o(.text) refers to defsig_general.o(.text) for __default_signal_display
    defsig_segv_inner.o(.text) refers to defsig_general.o(.text) for __default_signal_display
    defsig_other.o(.text) refers to defsig_general.o(.text) for __default_signal_display


==============================================================================

Removing Unused input sections from the image.

    Removing system_nrf51.o(.rev16_text), (4 bytes).
    Removing system_nrf51.o(.revsh_text), (4 bytes).
    Removing main.o(.rev16_text), (4 bytes).
    Removing main.o(.revsh_text), (4 bytes).
    Removing mbr.o(MBR), (8 bytes).

5 unused section(s) (total 24 bytes) removed from the image.

==============================================================================

Image Symbol Table

    Local Symbols

    Symbol Name                              Value     Ov Type        Size  Object(Section)

    ../clib/angel/boardlib.s                 0x00000000   Number         0  boardshut.o ABSOLUTE
    ../clib/angel/boardlib.s                 0x00000000   Number         0  boardinit1.o ABSOLUTE
    ../clib/angel/boardlib.s                 0x00000000   Number         0  boardinit2.o ABSOLUTE
    ../clib/angel/boardlib.s                 0x00000000   Number         0  boardinit3.o ABSOLUTE
    ../clib/angel/handlers.s                 0x00000000   Number         0  __scatter_copy.o ABSOLUTE
    ../clib/angel/handlers.s                 0x00000000   Number         0  __scatter_zi.o ABSOLUTE
    ../clib/angel/kernel.s                   0x00000000   Number         0  __rtentry4.o ABSOLUTE
    ../clib/angel/kernel.s                   0x00000000   Number         0  rtexit2.o ABSOLUTE
    ../clib/angel/kernel.s                   0x00000000   Number         0  __rtentry2.o ABSOLUTE
    ../clib/angel/kernel.s                   0x00000000   Number         0  rtexit.o ABSOLUTE
    ../clib/angel/kernel.s                   0x00000000   Number         0  __rtentry.o ABSOLUTE
    ../clib/angel/rt.s                       0x00000000   Number         0  rt_raise.o ABSOLUTE
    ../clib/angel/scatterp.s                 0x00000000   Number         0  __scatter.o ABSOLUTE
    ../clib/angel/startup.s                  0x00000000   Number         0  __main.o ABSOLUTE
    ../clib/angel/sys.s                      0x00000000   Number         0  sys_stackheap_outer.o ABSOLUTE
    ../clib/angel/sys.s                      0x00000000   Number         0  indicate_semi.o ABSOLUTE
    ../clib/angel/sys.s                      0x00000000   Number         0  use_no_semi.o ABSOLUTE
    ../clib/angel/sys.s                      0x00000000   Number         0  libspace.o ABSOLUTE
    ../clib/angel/sys.s                      0x00000000   Number         0  tempstk.o ABSOLUTE
    ../clib/angel/sysapp.c                   0x00000000   Number         0  sys_command.o ABSOLUTE
    ../clib/angel/sysapp.c                   0x00000000   Number         0  sys_wrch.o ABSOLUTE
    ../clib/angel/sysapp.c                   0x00000000   Number         0  sys_exit.o ABSOLUTE
    ../clib/armsys.c                         0x00000000   Number         0  argv_veneer.o ABSOLUTE
    ../clib/armsys.c                         0x00000000   Number         0  _get_argv_nomalloc.o ABSOLUTE
    ../clib/armsys.c                         0x00000000   Number         0  no_argv.o ABSOLUTE
    ../clib/heapalloc.c                      0x00000000   Number         0  hrguard.o ABSOLUTE
    ../clib/heapaux.c                        0x00000000   Number         0  heapauxi.o ABSOLUTE
    ../clib/libinit.s                        0x00000000   Number         0  libshutdown.o ABSOLUTE
    ../clib/libinit.s                        0x00000000   Number         0  libshutdown2.o ABSOLUTE
    ../clib/libinit.s                        0x00000000   Number         0  libinit2.o ABSOLUTE
    ../clib/libinit.s                        0x00000000   Number         0  libinit.o ABSOLUTE
    ../clib/memcpset.c                       0x00000000   Number         0  rt_memcpy.o ABSOLUTE
    ../clib/memcpset.c                       0x00000000   Number         0  rt_memcpy.o ABSOLUTE
    ../clib/misc.s                           0x00000000   Number         0  printf_stubs.o ABSOLUTE
    ../clib/printf.c                         0x00000000   Number         0  _sputc.o ABSOLUTE
    ../clib/printf.c                         0x00000000   Number         0  __printf_nopercent.o ABSOLUTE
    ../clib/printf.c                         0x00000000   Number         0  _printf_char_common.o ABSOLUTE
    ../clib/printf.c                         0x00000000   Number         0  _printf_intcommon.o ABSOLUTE
    ../clib/printf.c                         0x00000000   Number         0  __2sprintf.o ABSOLUTE
    ../clib/printf.c                         0x00000000   Number         0  noretval__2sprintf.o ABSOLUTE
    ../clib/printf.c                         0x00000000   Number         0  __printf.o ABSOLUTE
    ../clib/printf.c                         0x00000000   Number         0  _printf_pad.o ABSOLUTE
    ../clib/printf.c                         0x00000000   Number         0  _printf_hex_ll.o ABSOLUTE
    ../clib/printf.c                         0x00000000   Number         0  _printf_hex_int.o ABSOLUTE
    ../clib/printf.c                         0x00000000   Number         0  __printf_flags_ss_wp.o ABSOLUTE
    ../clib/printf.c                         0x00000000   Number         0  __printf_ss_wp.o ABSOLUTE
    ../clib/printf.c                         0x00000000   Number         0  _printf_hex_int_ll.o ABSOLUTE
    ../clib/printf.c                         0x00000000   Number         0  _printf_hex_ptr.o ABSOLUTE
    ../clib/printf.c                         0x00000000   Number         0  _printf_hex_int_ptr.o ABSOLUTE
    ../clib/printf.c                         0x00000000   Number         0  _printf_hex_ll_ptr.o ABSOLUTE
    ../clib/printf.c                         0x00000000   Number         0  _printf_hex_int_ll_ptr.o ABSOLUTE
    ../clib/printf.c                         0x00000000   Number         0  __printf_flags.o ABSOLUTE
    ../clib/printf.c                         0x00000000   Number         0  __printf_ss.o ABSOLUTE
    ../clib/printf.c                         0x00000000   Number         0  __printf_flags_ss.o ABSOLUTE
    ../clib/printf.c                         0x00000000   Number         0  __printf_wp.o ABSOLUTE
    ../clib/printf.c                         0x00000000   Number         0  __printf_flags_wp.o ABSOLUTE
    ../clib/printf_percent.s                 0x00000000   Number         0  _printf_percent.o ABSOLUTE
    ../clib/printf_percent.s                 0x00000000   Number         0  _printf_x.o ABSOLUTE
    ../clib/printf_percent.s                 0x00000000   Number         0  _printf_percent_end.o ABSOLUTE
    ../clib/signal.c                         0x00000000   Number         0  defsig_rtmem_outer.o ABSOLUTE
    ../clib/signal.c                         0x00000000   Number         0  defsig_rtmem_formal.o ABSOLUTE
    ../clib/signal.c                         0x00000000   Number         0  defsig_exit.o ABSOLUTE
    ../clib/signal.c                         0x00000000   Number         0  defsig_rtmem_inner.o ABSOLUTE
    ../clib/signal.c                         0x00000000   Number         0  __raise.o ABSOLUTE
    ../clib/signal.c                         0x00000000   Number         0  defsig_abrt_inner.o ABSOLUTE
    ../clib/signal.c                         0x00000000   Number         0  defsig_fpe_inner.o ABSOLUTE
    ../clib/signal.c                         0x00000000   Number         0  defsig_rtred_inner.o ABSOLUTE
    ../clib/signal.c                         0x00000000   Number         0  defsig_stak_inner.o ABSOLUTE
    ../clib/signal.c                         0x00000000   Number         0  defsig_pvfn_inner.o ABSOLUTE
    ../clib/signal.c                         0x00000000   Number         0  defsig_cppl_inner.o ABSOLUTE
    ../clib/signal.c                         0x00000000   Number         0  defsig_segv_inner.o ABSOLUTE
    ../clib/signal.c                         0x00000000   Number         0  defsig_other.o ABSOLUTE
    ../clib/signal.c                         0x00000000   Number         0  defsig_general.o ABSOLUTE
    ../clib/signal.s                         0x00000000   Number         0  defsig.o ABSOLUTE
    ../clib/stdlib.c                         0x00000000   Number         0  exit.o ABSOLUTE
    ../clib/string.c                         0x00000000   Number         0  strcpy.o ABSOLUTE
    ../clib/string.c                         0x00000000   Number         0  strlen.o ABSOLUTE
    ../fplib/cfplib/fpinit.c                 0x00000000   Number         0  fpinit.o ABSOLUTE
    ..\..\..\components\toolchain\system_nrf51.c 0x00000000   Number         0  system_nrf51.o ABSOLUTE
    ..\\..\\..\\components\\toolchain\\system_nrf51.c 0x00000000   Number         0  system_nrf51.o ABSOLUTE
    C:\Nordic Semiconductor\external\segger_rtt\SEGGER_RTT.c 0x00000000   Number         0  segger_rtt.o ABSOLUTE
    C:\components\toolchain\arm\arm_startup_nrf51.s 0x00000000   Number         0  arm_startup_nrf51.o ABSOLUTE
    dc.s                                     0x00000000   Number         0  dc.o ABSOLUTE
    main.c                                   0x00000000   Number         0  main.o ABSOLUTE
    main.c                                   0x00000000   Number         0  main.o ABSOLUTE
    mbr.a                                    0x00000000   Number         0  mbr.o ABSOLUTE
    RESET                                    0x0000a000   Section      192  arm_startup_nrf51.o(RESET)
    !!!main                                  0x0000a0c0   Section        8  __main.o(!!!main)
    !!!scatter                               0x0000a0c8   Section       60  __scatter.o(!!!scatter)
    !!handler_copy                           0x0000a104   Section       26  __scatter_copy.o(!!handler_copy)
    !!handler_zi                             0x0000a120   Section       28  __scatter_zi.o(!!handler_zi)
    .ARM.Collect$$_printf_percent$$00000000  0x0000a13c   Section        2  _printf_percent.o(.ARM.Collect$$_printf_percent$$00000000)
    .ARM.Collect$$_printf_percent$$0000000C  0x0000a13e   Section       10  _printf_x.o(.ARM.Collect$$_printf_percent$$0000000C)
    .ARM.Collect$$_printf_percent$$00000017  0x0000a148   Section        4  _printf_percent_end.o(.ARM.Collect$$_printf_percent$$00000017)
    .ARM.Collect$$libinit$$00000000          0x0000a14c   Section        2  libinit.o(.ARM.Collect$$libinit$$00000000)
    .ARM.Collect$$libinit$$00000002          0x0000a14e   Section        0  libinit2.o(.ARM.Collect$$libinit$$00000002)
    .ARM.Collect$$libinit$$00000004          0x0000a14e   Section        0  libinit2.o(.ARM.Collect$$libinit$$00000004)
    .ARM.Collect$$libinit$$0000000A          0x0000a14e   Section        0  libinit2.o(.ARM.Collect$$libinit$$0000000A)
    .ARM.Collect$$libinit$$0000000C          0x0000a14e   Section        0  libinit2.o(.ARM.Collect$$libinit$$0000000C)
    .ARM.Collect$$libinit$$0000000E          0x0000a14e   Section        0  libinit2.o(.ARM.Collect$$libinit$$0000000E)
    .ARM.Collect$$libinit$$00000011          0x0000a14e   Section        0  libinit2.o(.ARM.Collect$$libinit$$00000011)
    .ARM.Collect$$libinit$$00000013          0x0000a14e   Section        0  libinit2.o(.ARM.Collect$$libinit$$00000013)
    .ARM.Collect$$libinit$$00000015          0x0000a14e   Section        0  libinit2.o(.ARM.Collect$$libinit$$00000015)
    .ARM.Collect$$libinit$$00000017          0x0000a14e   Section        0  libinit2.o(.ARM.Collect$$libinit$$00000017)
    .ARM.Collect$$libinit$$00000019          0x0000a14e   Section        0  libinit2.o(.ARM.Collect$$libinit$$00000019)
    .ARM.Collect$$libinit$$0000001B          0x0000a14e   Section        0  libinit2.o(.ARM.Collect$$libinit$$0000001B)
    .ARM.Collect$$libinit$$0000001D          0x0000a14e   Section        0  libinit2.o(.ARM.Collect$$libinit$$0000001D)
    .ARM.Collect$$libinit$$0000001F          0x0000a14e   Section        0  libinit2.o(.ARM.Collect$$libinit$$0000001F)
    .ARM.Collect$$libinit$$00000021          0x0000a14e   Section        0  libinit2.o(.ARM.Collect$$libinit$$00000021)
    .ARM.Collect$$libinit$$00000023          0x0000a14e   Section        0  libinit2.o(.ARM.Collect$$libinit$$00000023)
    .ARM.Collect$$libinit$$00000025          0x0000a14e   Section        0  libinit2.o(.ARM.Collect$$libinit$$00000025)
    .ARM.Collect$$libinit$$0000002C          0x0000a14e   Section        0  libinit2.o(.ARM.Collect$$libinit$$0000002C)
    .ARM.Collect$$libinit$$0000002E          0x0000a14e   Section        0  libinit2.o(.ARM.Collect$$libinit$$0000002E)
    .ARM.Collect$$libinit$$00000030          0x0000a14e   Section        0  libinit2.o(.ARM.Collect$$libinit$$00000030)
    .ARM.Collect$$libinit$$00000032          0x0000a14e   Section        0  libinit2.o(.ARM.Collect$$libinit$$00000032)
    .ARM.Collect$$libinit$$00000033          0x0000a14e   Section        2  libinit2.o(.ARM.Collect$$libinit$$00000033)
    .ARM.Collect$$libshutdown$$00000000      0x0000a150   Section        2  libshutdown.o(.ARM.Collect$$libshutdown$$00000000)
    .ARM.Collect$$libshutdown$$00000002      0x0000a152   Section        0  libshutdown2.o(.ARM.Collect$$libshutdown$$00000002)
    .ARM.Collect$$libshutdown$$00000004      0x0000a152   Section        0  libshutdown2.o(.ARM.Collect$$libshutdown$$00000004)
    .ARM.Collect$$libshutdown$$00000007      0x0000a152   Section        0  libshutdown2.o(.ARM.Collect$$libshutdown$$00000007)
    .ARM.Collect$$libshutdown$$0000000A      0x0000a152   Section        0  libshutdown2.o(.ARM.Collect$$libshutdown$$0000000A)
    .ARM.Collect$$libshutdown$$0000000C      0x0000a152   Section        0  libshutdown2.o(.ARM.Collect$$libshutdown$$0000000C)
    .ARM.Collect$$libshutdown$$0000000F      0x0000a152   Section        0  libshutdown2.o(.ARM.Collect$$libshutdown$$0000000F)
    .ARM.Collect$$libshutdown$$00000010      0x0000a152   Section        2  libshutdown2.o(.ARM.Collect$$libshutdown$$00000010)
    .ARM.Collect$$rtentry$$00000000          0x0000a154   Section        0  __rtentry.o(.ARM.Collect$$rtentry$$00000000)
    .ARM.Collect$$rtentry$$00000002          0x0000a154   Section        0  __rtentry2.o(.ARM.Collect$$rtentry$$00000002)
    .ARM.Collect$$rtentry$$00000004          0x0000a154   Section        6  __rtentry4.o(.ARM.Collect$$rtentry$$00000004)
    .ARM.Collect$$rtentry$$00000009          0x0000a15a   Section        0  __rtentry2.o(.ARM.Collect$$rtentry$$00000009)
    .ARM.Collect$$rtentry$$0000000A          0x0000a15a   Section        4  __rtentry2.o(.ARM.Collect$$rtentry$$0000000A)
    .ARM.Collect$$rtentry$$0000000C          0x0000a15e   Section        0  __rtentry2.o(.ARM.Collect$$rtentry$$0000000C)
    .ARM.Collect$$rtentry$$0000000D          0x0000a15e   Section        8  __rtentry2.o(.ARM.Collect$$rtentry$$0000000D)
    .ARM.Collect$$rtexit$$00000000           0x0000a166   Section        2  rtexit.o(.ARM.Collect$$rtexit$$00000000)
    .ARM.Collect$$rtexit$$00000002           0x0000a168   Section        0  rtexit2.o(.ARM.Collect$$rtexit$$00000002)
    .ARM.Collect$$rtexit$$00000003           0x0000a168   Section        4  rtexit2.o(.ARM.Collect$$rtexit$$00000003)
    .ARM.Collect$$rtexit$$00000004           0x0000a16c   Section        6  rtexit2.o(.ARM.Collect$$rtexit$$00000004)
    .emb_text                                0x0000a174   Section       56  rt_memcpy.o(.emb_text)
    .text                                    0x0000a1ac   Section       84  arm_startup_nrf51.o(.text)
    .text                                    0x0000a200   Section        0  system_nrf51.o(.text)
    is_peripheral_domain_setup_needed        0x0000a209   Thumb Code    78  system_nrf51.o(.text)
    is_disabled_in_debug_needed              0x0000a257   Thumb Code    52  system_nrf51.o(.text)
    is_manual_peripheral_setup_needed        0x0000a28b   Thumb Code   104  system_nrf51.o(.text)
    .text                                    0x0000a364   Section        0  segger_rtt.o(.text)
    _DoInit                                  0x0000a365   Thumb Code    74  segger_rtt.o(.text)
    _WriteBlocking                           0x0000a3af   Thumb Code   122  segger_rtt.o(.text)
    _WriteNoCheck                            0x0000a429   Thumb Code    74  segger_rtt.o(.text)
    _PostTerminalSwitch                      0x0000a473   Thumb Code    32  segger_rtt.o(.text)
    _GetAvailWriteSpace                      0x0000a493   Thumb Code    28  segger_rtt.o(.text)
    .text                                    0x0000aa58   Section        0  main.o(.text)
    nrf_delay_ms                             0x0000aa59   Thumb Code    60  main.o(.text)
    .text                                    0x0000ac84   Section        0  noretval__2sprintf.o(.text)
    .text                                    0x0000acac   Section        0  _printf_pad.o(.text)
    .text                                    0x0000acfc   Section        0  _printf_hex_int.o(.text)
    .text                                    0x0000ad54   Section        0  __printf_flags_wp.o(.text)
    .text                                    0x0000ae8c   Section        0  strcpy.o(.text)
    .text                                    0x0000aed8   Section        0  strlen.o(.text)
    .text                                    0x0000af1c   Section        0  rt_memcpy.o(.text)
    .text                                    0x0000af9e   Section        0  heapauxi.o(.text)
    .text                                    0x0000afa4   Section        0  _printf_intcommon.o(.text)
    .text                                    0x0000b054   Section        0  _printf_char_common.o(.text)
    _printf_input_char                       0x0000b055   Thumb Code    10  _printf_char_common.o(.text)
    .text                                    0x0000b084   Section        0  _sputc.o(.text)
    .text                                    0x0000b08e   Section       62  sys_stackheap_outer.o(.text)
    .text                                    0x0000b0cc   Section        0  exit.o(.text)
    .text                                    0x0000b0dc   Section        8  libspace.o(.text)
    .text                                    0x0000b0e4   Section        0  sys_exit.o(.text)
    .text                                    0x0000b0f0   Section        2  use_no_semi.o(.text)
    .text                                    0x0000b0f2   Section        0  indicate_semi.o(.text)
    i._is_digit                              0x0000b0f2   Section        0  __printf_wp.o(i._is_digit)
    .constdata                               0x0000b100   Section       40  _printf_hex_int.o(.constdata)
    uc_hextab                                0x0000b100   Data          20  _printf_hex_int.o(.constdata)
    lc_hextab                                0x0000b114   Data          20  _printf_hex_int.o(.constdata)
    .constdata                               0x0000b128   Section       17  __printf_flags_wp.o(.constdata)
    maptable                                 0x0000b128   Data          17  __printf_flags_wp.o(.constdata)
    .data                                    0x20000900   Section        4  system_nrf51.o(.data)
    __tagsym$$used                           0x20000900   Number         0  system_nrf51.o(.data)
    .data                                    0x20000904   Section       17  segger_rtt.o(.data)
    _aTerminalId                             0x20000904   Data          16  segger_rtt.o(.data)
    _ActiveTerminal                          0x20000914   Data           1  segger_rtt.o(.data)
    .data                                    0x20000915   Section        1  main.o(.data)
    previous                                 0x20000915   Data           1  main.o(.data)
    .bss                                     0x20000918   Section     1160  segger_rtt.o(.bss)
    _acUpBuffer                              0x20000918   Data        1024  segger_rtt.o(.bss)
    _acDownBuffer                            0x20000d18   Data          16  segger_rtt.o(.bss)
    .bss                                     0x20000da0   Section       96  libspace.o(.bss)
    HEAP                                     0x20000e00   Section     2048  arm_startup_nrf51.o(HEAP)
    Heap_Mem                                 0x20000e00   Data        2048  arm_startup_nrf51.o(HEAP)
    STACK                                    0x20001600   Section     2048  arm_startup_nrf51.o(STACK)
    Stack_Mem                                0x20001600   Data        2048  arm_startup_nrf51.o(STACK)
    __initial_sp                             0x20001e00   Data           0  arm_startup_nrf51.o(STACK)

    Global Symbols

    Symbol Name                              Value     Ov Type        Size  Object(Section)

    BuildAttributes$$THM_ISAv3M$S$PE$A:L22$X:L11$S22$IEEE1$IW$USESV6$~STKCKD$USESV7$~SHL$OSPACE$ROPI$EBA8$UX$STANDARDLIB$REQ8$PRES8$EABIv2 0x00000000   Number         0  anon$$obj.o ABSOLUTE
    __ARM_use_no_argv                        0x00000000   Number         0  main.o ABSOLUTE
    _printf_flags                            0x00000000   Number         0  printf_stubs.o ABSOLUTE
    _printf_return_value                     0x00000000   Number         0  printf_stubs.o ABSOLUTE
    _printf_sizespec                         0x00000000   Number         0  printf_stubs.o ABSOLUTE
    _printf_widthprec                        0x00000000   Number         0  printf_stubs.o ABSOLUTE
    __ARM_exceptions_init                     - Undefined Weak Reference
    __alloca_initialize                       - Undefined Weak Reference
    __arm_preinit_                            - Undefined Weak Reference
    __cpp_initialize__aeabi_                  - Undefined Weak Reference
    __cxa_finalize                            - Undefined Weak Reference
    __rt_locale                               - Undefined Weak Reference
    __sigvec_lookup                           - Undefined Weak Reference
    _atexit_init                              - Undefined Weak Reference
    _call_atexit_fns                          - Undefined Weak Reference
    _clock_init                               - Undefined Weak Reference
    _fp_trap_init                             - Undefined Weak Reference
    _fp_trap_shutdown                         - Undefined Weak Reference
    _get_lc_collate                           - Undefined Weak Reference
    _get_lc_ctype                             - Undefined Weak Reference
    _get_lc_monetary                          - Undefined Weak Reference
    _get_lc_numeric                           - Undefined Weak Reference
    _get_lc_time                              - Undefined Weak Reference
    _getenv_init                              - Undefined Weak Reference
    _handle_redirection                       - Undefined Weak Reference
    _init_alloc                               - Undefined Weak Reference
    _init_user_alloc                          - Undefined Weak Reference
    _initio                                   - Undefined Weak Reference
    _printf_truncate_unsigned                 - Undefined Weak Reference
    _rand_init                                - Undefined Weak Reference
    _signal_finish                            - Undefined Weak Reference
    _signal_init                              - Undefined Weak Reference
    _terminate_alloc                          - Undefined Weak Reference
    _terminate_user_alloc                     - Undefined Weak Reference
    _terminateio                              - Undefined Weak Reference
    __Vectors_Size                           0x000000c0   Number         0  arm_startup_nrf51.o ABSOLUTE
    __Vectors                                0x0000a000   Data           4  arm_startup_nrf51.o(RESET)
    __Vectors_End                            0x0000a0c0   Data           0  arm_startup_nrf51.o(RESET)
    __main                                   0x0000a0c1   Thumb Code     8  __main.o(!!!main)
    __scatterload                            0x0000a0c9   Thumb Code     0  __scatter.o(!!!scatter)
    __scatterload_rt2                        0x0000a0c9   Thumb Code    52  __scatter.o(!!!scatter)
    __scatterload_rt2_thumb_only             0x0000a0c9   Thumb Code     0  __scatter.o(!!!scatter)
    __scatterload_null                       0x0000a0d9   Thumb Code     0  __scatter.o(!!!scatter)
    __scatterload_copy                       0x0000a105   Thumb Code    26  __scatter_copy.o(!!handler_copy)
    __scatterload_zeroinit                   0x0000a121   Thumb Code    28  __scatter_zi.o(!!handler_zi)
    _printf_percent                          0x0000a13d   Thumb Code     0  _printf_percent.o(.ARM.Collect$$_printf_percent$$00000000)
    _printf_x                                0x0000a13f   Thumb Code     0  _printf_x.o(.ARM.Collect$$_printf_percent$$0000000C)
    _printf_percent_end                      0x0000a149   Thumb Code     0  _printf_percent_end.o(.ARM.Collect$$_printf_percent$$00000017)
    __rt_lib_init                            0x0000a14d   Thumb Code     0  libinit.o(.ARM.Collect$$libinit$$00000000)
    __rt_lib_init_alloca_1                   0x0000a14f   Thumb Code     0  libinit2.o(.ARM.Collect$$libinit$$0000002E)
    __rt_lib_init_argv_1                     0x0000a14f   Thumb Code     0  libinit2.o(.ARM.Collect$$libinit$$0000002C)
    __rt_lib_init_atexit_1                   0x0000a14f   Thumb Code     0  libinit2.o(.ARM.Collect$$libinit$$0000001B)
    __rt_lib_init_clock_1                    0x0000a14f   Thumb Code     0  libinit2.o(.ARM.Collect$$libinit$$00000021)
    __rt_lib_init_cpp_1                      0x0000a14f   Thumb Code     0  libinit2.o(.ARM.Collect$$libinit$$00000032)
    __rt_lib_init_exceptions_1               0x0000a14f   Thumb Code     0  libinit2.o(.ARM.Collect$$libinit$$00000030)
    __rt_lib_init_fp_1                       0x0000a14f   Thumb Code     0  libinit2.o(.ARM.Collect$$libinit$$00000002)
    __rt_lib_init_fp_trap_1                  0x0000a14f   Thumb Code     0  libinit2.o(.ARM.Collect$$libinit$$0000001F)
    __rt_lib_init_getenv_1                   0x0000a14f   Thumb Code     0  libinit2.o(.ARM.Collect$$libinit$$00000023)
    __rt_lib_init_heap_1                     0x0000a14f   Thumb Code     0  libinit2.o(.ARM.Collect$$libinit$$0000000A)
    __rt_lib_init_lc_collate_1               0x0000a14f   Thumb Code     0  libinit2.o(.ARM.Collect$$libinit$$00000011)
    __rt_lib_init_lc_ctype_1                 0x0000a14f   Thumb Code     0  libinit2.o(.ARM.Collect$$libinit$$00000013)
    __rt_lib_init_lc_monetary_1              0x0000a14f   Thumb Code     0  libinit2.o(.ARM.Collect$$libinit$$00000015)
    __rt_lib_init_lc_numeric_1               0x0000a14f   Thumb Code     0  libinit2.o(.ARM.Collect$$libinit$$00000017)
    __rt_lib_init_lc_time_1                  0x0000a14f   Thumb Code     0  libinit2.o(.ARM.Collect$$libinit$$00000019)
    __rt_lib_init_preinit_1                  0x0000a14f   Thumb Code     0  libinit2.o(.ARM.Collect$$libinit$$00000004)
    __rt_lib_init_rand_1                     0x0000a14f   Thumb Code     0  libinit2.o(.ARM.Collect$$libinit$$0000000E)
    __rt_lib_init_return                     0x0000a14f   Thumb Code     0  libinit2.o(.ARM.Collect$$libinit$$00000033)
    __rt_lib_init_signal_1                   0x0000a14f   Thumb Code     0  libinit2.o(.ARM.Collect$$libinit$$0000001D)
    __rt_lib_init_stdio_1                    0x0000a14f   Thumb Code     0  libinit2.o(.ARM.Collect$$libinit$$00000025)
    __rt_lib_init_user_alloc_1               0x0000a14f   Thumb Code     0  libinit2.o(.ARM.Collect$$libinit$$0000000C)
    __rt_lib_shutdown                        0x0000a151   Thumb Code     0  libshutdown.o(.ARM.Collect$$libshutdown$$00000000)
    __rt_lib_shutdown_cpp_1                  0x0000a153   Thumb Code     0  libshutdown2.o(.ARM.Collect$$libshutdown$$00000002)
    __rt_lib_shutdown_fp_trap_1              0x0000a153   Thumb Code     0  libshutdown2.o(.ARM.Collect$$libshutdown$$00000007)
    __rt_lib_shutdown_heap_1                 0x0000a153   Thumb Code     0  libshutdown2.o(.ARM.Collect$$libshutdown$$0000000F)
    __rt_lib_shutdown_return                 0x0000a153   Thumb Code     0  libshutdown2.o(.ARM.Collect$$libshutdown$$00000010)
    __rt_lib_shutdown_signal_1               0x0000a153   Thumb Code     0  libshutdown2.o(.ARM.Collect$$libshutdown$$0000000A)
    __rt_lib_shutdown_stdio_1                0x0000a153   Thumb Code     0  libshutdown2.o(.ARM.Collect$$libshutdown$$00000004)
    __rt_lib_shutdown_user_alloc_1           0x0000a153   Thumb Code     0  libshutdown2.o(.ARM.Collect$$libshutdown$$0000000C)
    __rt_entry                               0x0000a155   Thumb Code     0  __rtentry.o(.ARM.Collect$$rtentry$$00000000)
    __rt_entry_presh_1                       0x0000a155   Thumb Code     0  __rtentry2.o(.ARM.Collect$$rtentry$$00000002)
    __rt_entry_sh                            0x0000a155   Thumb Code     0  __rtentry4.o(.ARM.Collect$$rtentry$$00000004)
    __rt_entry_li                            0x0000a15b   Thumb Code     0  __rtentry2.o(.ARM.Collect$$rtentry$$0000000A)
    __rt_entry_postsh_1                      0x0000a15b   Thumb Code     0  __rtentry2.o(.ARM.Collect$$rtentry$$00000009)
    __rt_entry_main                          0x0000a15f   Thumb Code     0  __rtentry2.o(.ARM.Collect$$rtentry$$0000000D)
    __rt_entry_postli_1                      0x0000a15f   Thumb Code     0  __rtentry2.o(.ARM.Collect$$rtentry$$0000000C)
    __rt_exit                                0x0000a167   Thumb Code     0  rtexit.o(.ARM.Collect$$rtexit$$00000000)
    __rt_exit_ls                             0x0000a169   Thumb Code     0  rtexit2.o(.ARM.Collect$$rtexit$$00000003)
    __rt_exit_prels_1                        0x0000a169   Thumb Code     0  rtexit2.o(.ARM.Collect$$rtexit$$00000002)
    __rt_exit_exit                           0x0000a16d   Thumb Code     0  rtexit2.o(.ARM.Collect$$rtexit$$00000004)
    __aeabi_memcpy4                          0x0000a175   Thumb Code    56  rt_memcpy.o(.emb_text)
    __aeabi_memcpy8                          0x0000a175   Thumb Code     0  rt_memcpy.o(.emb_text)
    Reset_Handler                            0x0000a1ad   Thumb Code    26  arm_startup_nrf51.o(.text)
    NMI_Handler                              0x0000a1c7   Thumb Code     2  arm_startup_nrf51.o(.text)
    HardFault_Handler                        0x0000a1c9   Thumb Code     2  arm_startup_nrf51.o(.text)
    SVC_Handler                              0x0000a1cb   Thumb Code     2  arm_startup_nrf51.o(.text)
    PendSV_Handler                           0x0000a1cd   Thumb Code     2  arm_startup_nrf51.o(.text)
    SysTick_Handler                          0x0000a1cf   Thumb Code     2  arm_startup_nrf51.o(.text)
    ADC_IRQHandler                           0x0000a1d1   Thumb Code     0  arm_startup_nrf51.o(.text)
    CCM_AAR_IRQHandler                       0x0000a1d1   Thumb Code     0  arm_startup_nrf51.o(.text)
    ECB_IRQHandler                           0x0000a1d1   Thumb Code     0  arm_startup_nrf51.o(.text)
    GPIOTE_IRQHandler                        0x0000a1d1   Thumb Code     0  arm_startup_nrf51.o(.text)
    LPCOMP_IRQHandler                        0x0000a1d1   Thumb Code     0  arm_startup_nrf51.o(.text)
    POWER_CLOCK_IRQHandler                   0x0000a1d1   Thumb Code     0  arm_startup_nrf51.o(.text)
    QDEC_IRQHandler                          0x0000a1d1   Thumb Code     0  arm_startup_nrf51.o(.text)
    RADIO_IRQHandler                         0x0000a1d1   Thumb Code     0  arm_startup_nrf51.o(.text)
    RNG_IRQHandler                           0x0000a1d1   Thumb Code     0  arm_startup_nrf51.o(.text)
    RTC0_IRQHandler                          0x0000a1d1   Thumb Code     0  arm_startup_nrf51.o(.text)
    RTC1_IRQHandler                          0x0000a1d1   Thumb Code     0  arm_startup_nrf51.o(.text)
    SPI0_TWI0_IRQHandler                     0x0000a1d1   Thumb Code     0  arm_startup_nrf51.o(.text)
    SPI1_TWI1_IRQHandler                     0x0000a1d1   Thumb Code     0  arm_startup_nrf51.o(.text)
    SWI0_IRQHandler                          0x0000a1d1   Thumb Code     0  arm_startup_nrf51.o(.text)
    SWI1_IRQHandler                          0x0000a1d1   Thumb Code     0  arm_startup_nrf51.o(.text)
    SWI2_IRQHandler                          0x0000a1d1   Thumb Code     0  arm_startup_nrf51.o(.text)
    SWI3_IRQHandler                          0x0000a1d1   Thumb Code     0  arm_startup_nrf51.o(.text)
    SWI4_IRQHandler                          0x0000a1d1   Thumb Code     0  arm_startup_nrf51.o(.text)
    SWI5_IRQHandler                          0x0000a1d1   Thumb Code     0  arm_startup_nrf51.o(.text)
    TEMP_IRQHandler                          0x0000a1d1   Thumb Code     0  arm_startup_nrf51.o(.text)
    TIMER0_IRQHandler                        0x0000a1d1   Thumb Code     0  arm_startup_nrf51.o(.text)
    TIMER1_IRQHandler                        0x0000a1d1   Thumb Code     0  arm_startup_nrf51.o(.text)
    TIMER2_IRQHandler                        0x0000a1d1   Thumb Code     0  arm_startup_nrf51.o(.text)
    UART0_IRQHandler                         0x0000a1d1   Thumb Code     0  arm_startup_nrf51.o(.text)
    WDT_IRQHandler                           0x0000a1d1   Thumb Code     0  arm_startup_nrf51.o(.text)
    __user_initial_stackheap                 0x0000a1d5   Thumb Code    10  arm_startup_nrf51.o(.text)
    SystemCoreClockUpdate                    0x0000a201   Thumb Code     8  system_nrf51.o(.text)
    SystemInit                               0x0000a2f3   Thumb Code    76  system_nrf51.o(.text)
    SEGGER_RTT_ReadNoLock                    0x0000a4af   Thumb Code   168  segger_rtt.o(.text)
    SEGGER_RTT_Read                          0x0000a557   Thumb Code    28  segger_rtt.o(.text)
    SEGGER_RTT_WriteSkipNoLock               0x0000a573   Thumb Code   178  segger_rtt.o(.text)
    SEGGER_RTT_WriteNoLock                   0x0000a625   Thumb Code   130  segger_rtt.o(.text)
    SEGGER_RTT_Write                         0x0000a6a7   Thumb Code    44  segger_rtt.o(.text)
    SEGGER_RTT_WriteString                   0x0000a6d3   Thumb Code    26  segger_rtt.o(.text)
    SEGGER_RTT_GetKey                        0x0000a6ed   Thumb Code    32  segger_rtt.o(.text)
    SEGGER_RTT_WaitKey                       0x0000a70d   Thumb Code    14  segger_rtt.o(.text)
    SEGGER_RTT_HasKey                        0x0000a71b   Thumb Code    78  segger_rtt.o(.text)
    SEGGER_RTT_HasData                       0x0000a769   Thumb Code    20  segger_rtt.o(.text)
    SEGGER_RTT_ConfigUpBuffer                0x0000a77d   Thumb Code   128  segger_rtt.o(.text)
    SEGGER_RTT_ConfigDownBuffer              0x0000a7fd   Thumb Code   120  segger_rtt.o(.text)
    SEGGER_RTT_SetNameUpBuffer               0x0000a875   Thumb Code    60  segger_rtt.o(.text)
    SEGGER_RTT_SetNameDownBuffer             0x0000a8b1   Thumb Code    58  segger_rtt.o(.text)
    SEGGER_RTT_Init                          0x0000a8eb   Thumb Code    22  segger_rtt.o(.text)
    SEGGER_RTT_SetTerminal                   0x0000a901   Thumb Code   112  segger_rtt.o(.text)
    SEGGER_RTT_TerminalOut                   0x0000a971   Thumb Code   220  segger_rtt.o(.text)
    ReadTemperature                          0x0000aa95   Thumb Code    70  main.o(.text)
    SetLEDS                                  0x0000aadb   Thumb Code    20  main.o(.text)
    PrepareLEDS                              0x0000aaef   Thumb Code    46  main.o(.text)
    BlinkLEDS                                0x0000ab1d   Thumb Code    42  main.o(.text)
    PrepareButtons                           0x0000ab47   Thumb Code    40  main.o(.text)
    ReadButtons                              0x0000ab6f   Thumb Code    46  main.o(.text)
    JozefovaImplementacia                    0x0000ab9d   Thumb Code    92  main.o(.text)
    main                                     0x0000abf9   Thumb Code    76  main.o(.text)
    __2sprintf                               0x0000ac85   Thumb Code    36  noretval__2sprintf.o(.text)
    _printf_pre_padding                      0x0000acad   Thumb Code    44  _printf_pad.o(.text)
    _printf_post_padding                     0x0000acd9   Thumb Code    34  _printf_pad.o(.text)
    _printf_int_hex                          0x0000acfd   Thumb Code    84  _printf_hex_int.o(.text)
    _printf_longlong_hex                     0x0000acfd   Thumb Code     0  _printf_hex_int.o(.text)
    __printf                                 0x0000ad55   Thumb Code   306  __printf_flags_wp.o(.text)
    strcpy                                   0x0000ae8d   Thumb Code    70  strcpy.o(.text)
    strlen                                   0x0000aed9   Thumb Code    62  strlen.o(.text)
    __aeabi_memcpy                           0x0000af1d   Thumb Code   130  rt_memcpy.o(.text)
    __rt_memcpy                              0x0000af1d   Thumb Code     0  rt_memcpy.o(.text)
    __use_two_region_memory                  0x0000af9f   Thumb Code     2  heapauxi.o(.text)
    __rt_heap_escrow$2region                 0x0000afa1   Thumb Code     2  heapauxi.o(.text)
    __rt_heap_expand$2region                 0x0000afa3   Thumb Code     2  heapauxi.o(.text)
    _printf_int_common                       0x0000afa5   Thumb Code   176  _printf_intcommon.o(.text)
    _printf_char_common                      0x0000b05f   Thumb Code    32  _printf_char_common.o(.text)
    _sputc                                   0x0000b085   Thumb Code    10  _sputc.o(.text)
    __user_setup_stackheap                   0x0000b08f   Thumb Code    62  sys_stackheap_outer.o(.text)
    exit                                     0x0000b0cd   Thumb Code    16  exit.o(.text)
    __user_libspace                          0x0000b0dd   Thumb Code     8  libspace.o(.text)
    __user_perproc_libspace                  0x0000b0dd   Thumb Code     0  libspace.o(.text)
    __user_perthread_libspace                0x0000b0dd   Thumb Code     0  libspace.o(.text)
    _sys_exit                                0x0000b0e5   Thumb Code     8  sys_exit.o(.text)
    __I$use$semihosting                      0x0000b0f1   Thumb Code     0  use_no_semi.o(.text)
    __use_no_semihosting_swi                 0x0000b0f1   Thumb Code     2  use_no_semi.o(.text)
    __semihosting_library_function           0x0000b0f3   Thumb Code     0  indicate_semi.o(.text)
    _is_digit                                0x0000b0f3   Thumb Code    14  __printf_wp.o(i._is_digit)
    Region$$Table$$Base                      0x0000b13c   Number         0  anon$$obj.o(Region$$Table)
    Region$$Table$$Limit                     0x0000b15c   Number         0  anon$$obj.o(Region$$Table)
    SystemCoreClock                          0x20000900   Data           4  system_nrf51.o(.data)
    _SEGGER_RTT                              0x20000d28   Data         120  segger_rtt.o(.bss)
    __libspace_start                         0x20000da0   Data          96  libspace.o(.bss)
    __temporary_stack_top$libspace           0x20000e00   Data           0  libspace.o(.bss)



==============================================================================

Memory Map of the image

  Image Entry point : 0x0000a0c1

  Load Region LR_IROM1 (Base: 0x0000a000, Size: 0x00001174, Max: 0x00037000, ABSOLUTE)

    Execution Region ER_IROM1 (Base: 0x0000a000, Size: 0x0000115c, Max: 0x00037000, ABSOLUTE)

    Base Addr    Size         Type   Attr      Idx    E Section Name        Object

    0x0000a000   0x000000c0   Data   RO            3    RESET               arm_startup_nrf51.o
    0x0000a0c0   0x00000008   Code   RO          215  * !!!main             c_p.l(__main.o)
    0x0000a0c8   0x0000003c   Code   RO          383    !!!scatter          c_p.l(__scatter.o)
    0x0000a104   0x0000001a   Code   RO          385    !!handler_copy      c_p.l(__scatter_copy.o)
    0x0000a11e   0x00000002   PAD
    0x0000a120   0x0000001c   Code   RO          387    !!handler_zi        c_p.l(__scatter_zi.o)
    0x0000a13c   0x00000002   Code   RO          204    .ARM.Collect$$_printf_percent$$00000000  c_p.l(_printf_percent.o)
    0x0000a13e   0x0000000a   Code   RO          203    .ARM.Collect$$_printf_percent$$0000000C  c_p.l(_printf_x.o)
    0x0000a148   0x00000004   Code   RO          224    .ARM.Collect$$_printf_percent$$00000017  c_p.l(_printf_percent_end.o)
    0x0000a14c   0x00000002   Code   RO          252    .ARM.Collect$$libinit$$00000000  c_p.l(libinit.o)
    0x0000a14e   0x00000000   Code   RO          260    .ARM.Collect$$libinit$$00000002  c_p.l(libinit2.o)
    0x0000a14e   0x00000000   Code   RO          262    .ARM.Collect$$libinit$$00000004  c_p.l(libinit2.o)
    0x0000a14e   0x00000000   Code   RO          265    .ARM.Collect$$libinit$$0000000A  c_p.l(libinit2.o)
    0x0000a14e   0x00000000   Code   RO          267    .ARM.Collect$$libinit$$0000000C  c_p.l(libinit2.o)
    0x0000a14e   0x00000000   Code   RO          269    .ARM.Collect$$libinit$$0000000E  c_p.l(libinit2.o)
    0x0000a14e   0x00000000   Code   RO          272    .ARM.Collect$$libinit$$00000011  c_p.l(libinit2.o)
    0x0000a14e   0x00000000   Code   RO          274    .ARM.Collect$$libinit$$00000013  c_p.l(libinit2.o)
    0x0000a14e   0x00000000   Code   RO          276    .ARM.Collect$$libinit$$00000015  c_p.l(libinit2.o)
    0x0000a14e   0x00000000   Code   RO          278    .ARM.Collect$$libinit$$00000017  c_p.l(libinit2.o)
    0x0000a14e   0x00000000   Code   RO          280    .ARM.Collect$$libinit$$00000019  c_p.l(libinit2.o)
    0x0000a14e   0x00000000   Code   RO          282    .ARM.Collect$$libinit$$0000001B  c_p.l(libinit2.o)
    0x0000a14e   0x00000000   Code   RO          284    .ARM.Collect$$libinit$$0000001D  c_p.l(libinit2.o)
    0x0000a14e   0x00000000   Code   RO          286    .ARM.Collect$$libinit$$0000001F  c_p.l(libinit2.o)
    0x0000a14e   0x00000000   Code   RO          288    .ARM.Collect$$libinit$$00000021  c_p.l(libinit2.o)
    0x0000a14e   0x00000000   Code   RO          290    .ARM.Collect$$libinit$$00000023  c_p.l(libinit2.o)
    0x0000a14e   0x00000000   Code   RO          292    .ARM.Collect$$libinit$$00000025  c_p.l(libinit2.o)
    0x0000a14e   0x00000000   Code   RO          296    .ARM.Collect$$libinit$$0000002C  c_p.l(libinit2.o)
    0x0000a14e   0x00000000   Code   RO          298    .ARM.Collect$$libinit$$0000002E  c_p.l(libinit2.o)
    0x0000a14e   0x00000000   Code   RO          300    .ARM.Collect$$libinit$$00000030  c_p.l(libinit2.o)
    0x0000a14e   0x00000000   Code   RO          302    .ARM.Collect$$libinit$$00000032  c_p.l(libinit2.o)
    0x0000a14e   0x00000002   Code   RO          303    .ARM.Collect$$libinit$$00000033  c_p.l(libinit2.o)
    0x0000a150   0x00000002   Code   RO          323    .ARM.Collect$$libshutdown$$00000000  c_p.l(libshutdown.o)
    0x0000a152   0x00000000   Code   RO          336    .ARM.Collect$$libshutdown$$00000002  c_p.l(libshutdown2.o)
    0x0000a152   0x00000000   Code   RO          338    .ARM.Collect$$libshutdown$$00000004  c_p.l(libshutdown2.o)
    0x0000a152   0x00000000   Code   RO          341    .ARM.Collect$$libshutdown$$00000007  c_p.l(libshutdown2.o)
    0x0000a152   0x00000000   Code   RO          344    .ARM.Collect$$libshutdown$$0000000A  c_p.l(libshutdown2.o)
    0x0000a152   0x00000000   Code   RO          346    .ARM.Collect$$libshutdown$$0000000C  c_p.l(libshutdown2.o)
    0x0000a152   0x00000000   Code   RO          349    .ARM.Collect$$libshutdown$$0000000F  c_p.l(libshutdown2.o)
    0x0000a152   0x00000002   Code   RO          350    .ARM.Collect$$libshutdown$$00000010  c_p.l(libshutdown2.o)
    0x0000a154   0x00000000   Code   RO          217    .ARM.Collect$$rtentry$$00000000  c_p.l(__rtentry.o)
    0x0000a154   0x00000000   Code   RO          226    .ARM.Collect$$rtentry$$00000002  c_p.l(__rtentry2.o)
    0x0000a154   0x00000006   Code   RO          238    .ARM.Collect$$rtentry$$00000004  c_p.l(__rtentry4.o)
    0x0000a15a   0x00000000   Code   RO          228    .ARM.Collect$$rtentry$$00000009  c_p.l(__rtentry2.o)
    0x0000a15a   0x00000004   Code   RO          229    .ARM.Collect$$rtentry$$0000000A  c_p.l(__rtentry2.o)
    0x0000a15e   0x00000000   Code   RO          231    .ARM.Collect$$rtentry$$0000000C  c_p.l(__rtentry2.o)
    0x0000a15e   0x00000008   Code   RO          232    .ARM.Collect$$rtentry$$0000000D  c_p.l(__rtentry2.o)
    0x0000a166   0x00000002   Code   RO          257    .ARM.Collect$$rtexit$$00000000  c_p.l(rtexit.o)
    0x0000a168   0x00000000   Code   RO          305    .ARM.Collect$$rtexit$$00000002  c_p.l(rtexit2.o)
    0x0000a168   0x00000004   Code   RO          306    .ARM.Collect$$rtexit$$00000003  c_p.l(rtexit2.o)
    0x0000a16c   0x00000006   Code   RO          307    .ARM.Collect$$rtexit$$00000004  c_p.l(rtexit2.o)
    0x0000a172   0x00000002   PAD
    0x0000a174   0x00000038   Code   RO          209    .emb_text           c_p.l(rt_memcpy.o)
    0x0000a1ac   0x00000054   Code   RO            4    .text               arm_startup_nrf51.o
    0x0000a200   0x00000164   Code   RO           12    .text               system_nrf51.o
    0x0000a364   0x000006f4   Code   RO           70    .text               segger_rtt.o
    0x0000aa58   0x0000022c   Code   RO          100    .text               main.o
    0x0000ac84   0x00000028   Code   RO          156    .text               c_p.l(noretval__2sprintf.o)
    0x0000acac   0x0000004e   Code   RO          160    .text               c_p.l(_printf_pad.o)
    0x0000acfa   0x00000002   PAD
    0x0000acfc   0x00000058   Code   RO          165    .text               c_p.l(_printf_hex_int.o)
    0x0000ad54   0x00000138   Code   RO          195    .text               c_p.l(__printf_flags_wp.o)
    0x0000ae8c   0x0000004c   Code   RO          205    .text               c_p.l(strcpy.o)
    0x0000aed8   0x00000044   Code   RO          207    .text               c_p.l(strlen.o)
    0x0000af1c   0x00000082   Code   RO          210    .text               c_p.l(rt_memcpy.o)
    0x0000af9e   0x00000006   Code   RO          213    .text               c_p.l(heapauxi.o)
    0x0000afa4   0x000000b0   Code   RO          218    .text               c_p.l(_printf_intcommon.o)
    0x0000b054   0x00000030   Code   RO          220    .text               c_p.l(_printf_char_common.o)
    0x0000b084   0x0000000a   Code   RO          222    .text               c_p.l(_sputc.o)
    0x0000b08e   0x0000003e   Code   RO          242    .text               c_p.l(sys_stackheap_outer.o)
    0x0000b0cc   0x00000010   Code   RO          245    .text               c_p.l(exit.o)
    0x0000b0dc   0x00000008   Code   RO          253    .text               c_p.l(libspace.o)
    0x0000b0e4   0x0000000c   Code   RO          315    .text               c_p.l(sys_exit.o)
    0x0000b0f0   0x00000002   Code   RO          326    .text               c_p.l(use_no_semi.o)
    0x0000b0f2   0x00000000   Code   RO          328    .text               c_p.l(indicate_semi.o)
    0x0000b0f2   0x0000000e   Code   RO          193    i._is_digit         c_p.l(__printf_wp.o)
    0x0000b100   0x00000028   Data   RO          166    .constdata          c_p.l(_printf_hex_int.o)
    0x0000b128   0x00000011   Data   RO          196    .constdata          c_p.l(__printf_flags_wp.o)
    0x0000b139   0x00000003   PAD
    0x0000b13c   0x00000020   Data   RO          381    Region$$Table       anon$$obj.o


    Execution Region RW_IRAM1 (Base: 0x20000900, Size: 0x00001500, Max: 0x00003700, ABSOLUTE)

    Base Addr    Size         Type   Attr      Idx    E Section Name        Object

    0x20000900   0x00000004   Data   RW           13    .data               system_nrf51.o
    0x20000904   0x00000011   Data   RW           72    .data               segger_rtt.o
    0x20000915   0x00000001   Data   RW          101    .data               main.o
    0x20000916   0x00000002   PAD
    0x20000918   0x00000488   Zero   RW           71    .bss                segger_rtt.o
    0x20000da0   0x00000060   Zero   RW          254    .bss                c_p.l(libspace.o)
    0x20000e00   0x00000800   Zero   RW            2    HEAP                arm_startup_nrf51.o
    0x20001600   0x00000800   Zero   RW            1    STACK               arm_startup_nrf51.o


==============================================================================

Image component sizes


      Code (inc. data)   RO Data    RW Data    ZI Data      Debug   Object Name

        84         36        192          0       4096        720   arm_startup_nrf51.o
       556         64          0          1          0       6298   main.o
      1780         52          0         17       1160      11338   segger_rtt.o
       356         38          0          4          0       5957   system_nrf51.o

    ----------------------------------------------------------------------
      2776        190        224         24       5256      24313   Object Totals
         0          0         32          0          0          0   (incl. Generated)
         0          0          0          2          0          0   (incl. Padding)

    ----------------------------------------------------------------------

      Code (inc. data)   RO Data    RW Data    ZI Data      Debug   Library Member Name

         8          0          0          0          0         68   __main.o
       312          6         17          0          0         76   __printf_flags_wp.o
        14          0          0          0          0         60   __printf_wp.o
         0          0          0          0          0          0   __rtentry.o
        12          0          0          0          0          0   __rtentry2.o
         6          0          0          0          0          0   __rtentry4.o
        60          8          0          0          0          0   __scatter.o
        26          0          0          0          0          0   __scatter_copy.o
        28          0          0          0          0          0   __scatter_zi.o
        48          6          0          0          0         88   _printf_char_common.o
        88          4         40          0          0         72   _printf_hex_int.o
       176          0          0          0          0         84   _printf_intcommon.o
        78          0          0          0          0        100   _printf_pad.o
         2          0          0          0          0          0   _printf_percent.o
         4          0          0          0          0          0   _printf_percent_end.o
        10          0          0          0          0          0   _printf_x.o
        10          0          0          0          0         60   _sputc.o
        16          0          0          0          0         68   exit.o
         6          0          0          0          0        136   heapauxi.o
         0          0          0          0          0          0   indicate_semi.o
         2          0          0          0          0          0   libinit.o
         2          0          0          0          0          0   libinit2.o
         2          0          0          0          0          0   libshutdown.o
         2          0          0          0          0          0   libshutdown2.o
         8          4          0          0         96         68   libspace.o
        40          4          0          0          0         84   noretval__2sprintf.o
       186          0          0          0          0        144   rt_memcpy.o
         2          0          0          0          0          0   rtexit.o
        10          0          0          0          0          0   rtexit2.o
        76          6          0          0          0         72   strcpy.o
        68          6          0          0          0         72   strlen.o
        12          4          0          0          0         60   sys_exit.o
        62          0          0          0          0         80   sys_stackheap_outer.o
         2          0          0          0          0         68   use_no_semi.o

    ----------------------------------------------------------------------
      1384         48         60          0         96       1460   Library Totals
         6          0          3          0          0          0   (incl. Padding)

    ----------------------------------------------------------------------

      Code (inc. data)   RO Data    RW Data    ZI Data      Debug   Library Name

      1378         48         57          0         96       1460   c_p.l

    ----------------------------------------------------------------------
      1384         48         60          0         96       1460   Library Totals

    ----------------------------------------------------------------------

==============================================================================


      Code (inc. data)   RO Data    RW Data    ZI Data      Debug   

      4160        238        284         24       5352      25013   Grand Totals
      4160        238        284         24       5352      25013   ELF Image Totals
      4160        238        284         24          0          0   ROM Totals

==============================================================================

    Total RO  Size (Code + RO Data)                 4444 (   4.34kB)
    Total RW  Size (RW Data + ZI Data)              5376 (   5.25kB)
    Total ROM Size (Code + RO Data + RW Data)       4468 (   4.36kB)

==============================================================================

