<html>
<body>
<pre>
<h1>µVision Build Log</h1>
<h2>Tool Versions:</h2>
IDE-Version: µVision V5.21.1.0
Copyright (C) 2016 ARM Ltd and ARM Germany GmbH. All rights reserved.
License Information: uncleme me, me, LIC=----
 
Tool Versions:
Toolchain:       MDK-Lite  Version: 5.21a
Toolchain Path:  C:\Keil_v5\ARM\ARMCC\Bin
C Compiler:      Armcc.exe V5.06 update 3 (build 300)
Assembler:       Armasm.exe V5.06 update 3 (build 300)
Linker/Locator:  ArmLink.exe V5.06 update 3 (build 300)
Library Manager: ArmAr.exe V5.06 update 3 (build 300)
Hex Converter:   FromElf.exe V5.06 update 3 (build 300)
CPU DLL:         SARMCM3.DLL V5.21a
Dialog DLL:      DARMCM1.DLL V1.14.0.0
Target DLL:      Segger\JL2CM3.dll V2.99.23.0
Dialog DLL:      TARMCM1.DLL V1.10.0.0
 
<h2>Project:</h2>
C:\NRF\ant_template\ant_temp.uvproj
Project File Date:  03/19/2017

<h2>Output:</h2>
*** Using Compiler 'V5.06 update 3 (build 300)', folder: 'C:\Keil_v5\ARM\ARMCC\Bin'
Rebuild target 'Slave'
creating preprocessor file for nrf_delay.c...
compiling nrf_delay.c...
assembling arm_startup_nrf51.s...
creating preprocessor file for system_nrf51422.c...
compiling system_nrf51422.c...
creating preprocessor file for SEGGER_RTT.c...
compiling SEGGER_RTT.c...
creating preprocessor file for EncodeDecode.c...
compiling EncodeDecode.c...
creating preprocessor file for functions.c...
compiling functions.c...
creating preprocessor file for Segmenter.c...
compiling Segmenter.c...
assembling mbr.a...
creating preprocessor file for Slave.c...
compiling Slave.c...
Slave.c(155): warning:  #177-D: variable "err_code" was declared but never referenced
      uint32_t err_code;
Slave.c: 1 warning, 0 errors
linking...
Program Size: Code=5852 RO-data=284 RW-data=44 ZI-data=5524  
FromELF: creating hex file...
".\ant_temp.axf" - 0 Error(s), 1 Warning(s).
Build Time Elapsed:  00:00:08
</pre>
</body>
</html>
